Copyright (c) 1996, 1997, 1998, 1999, 2000, 2001, 2002, 2003, 2004, 2005,
2006, 2007, 2008, 2009, 2010, 2011, 2012, 2013, 2014, 2015, 2016, 2017,
2018 The NetBSD Foundation, Inc.  All rights reserved.
Copyright (c) 1982, 1986, 1989, 1991, 1993
The Regents of the University of California.  All rights reserved.

NetBSD 8.99.14 (RPI) #0: Wed Mar 21 17:03:09 UTC 2018
	mkrepro@mkrepro.NetBSD.org:/usr/src/sys/arch/evbarm/compile/RPI
total memory = 192 MB
avail memory = 181 MB
timecounter: Timecounters tick every 10.000 msec
armfdt0 (root)
fdt0 at armfdt0: Raspberry Pi Model A Rev 2
fdt1 at fdt0
fdt2 at fdt0
fdt3 at fdt0
fclock0 at fdt2: 19200000 Hz fixed clock
fclock1 at fdt2: 480000000 Hz fixed clock
cpus0 at fdt0
cpu0 at cpus0: 700 MHz ARM1176JZ-S r0p7 (ARM11J V6ZK core)
cpu0: DC enabled IC enabled WB enabled LABT
cpu0: 16KB/32B 4-way L1 VIPT Instruction cache
cpu0: 16KB/32B 4-way write-back-locking-C L1 VIPT Data cache
vfp0 at cpu0: VFP11, rounding, exceptions
bcmicu0 at fdt1
bcmcprman0 at fdt1: BCM283x Clock Controller
bcmtmr0 at fdt1: VC System Timer
bcmtmr0: interrupting on icu irq 3
bcmaux0 at fdt1
/soc/thermal@7e212000 at fdt1 not configured
/soc/dsi@7e209000 at fdt1 not configured
bcmgpio0 at fdt1: GPIO controller
gpio0 at bcmgpio0: 32 pins
gpio1 at bcmgpio0: 22 pins
bcmdmac0 at fdt1: DMA0 DMA2 DMA4 DMA5 DMA8 DMA9 DMA10
/soc/power at fdt1 not configured
bsciic0 at fdt1: Broadcom Serial Controller
iic0 at bsciic0: I2C bus
/phy at fdt0 not configured
bcmmbox0 at fdt1: VC mailbox
bcmmbox0: interrupting on icu irq 65
vcmbox0 at bcmmbox0
/soc/firmware at fdt1 not configured
gpioleds0 at fdt0: ACT
watchdog0 at fdt1: Power management, Reset and Watchdog controller
bcmrng0 at fdt1: RNG
plcom0 at fdt1
plcom0: txfifo disabled
plcom0: console
bsciic1 at fdt1: Broadcom Serial Controller
iic1 at bsciic1: I2C bus
/soc/pixelvalve@7e206000 at fdt1 not configured
/soc/pixelvalve@7e207000 at fdt1 not configured
/soc/pwm@7e20c000 at fdt1 not configured
sdhc0 at fdt1: SDHC controller
sdhc0: interrupting on icu irq 62
/soc/hvs@7e400000 at fdt1 not configured
bsciic2 at fdt1: Broadcom Serial Controller
iic2 at bsciic2: I2C bus
/soc/vec@7e806000 at fdt1 not configured
/soc/pixelvalve@7e807000 at fdt1 not configured
/soc/hdmi@7e902000 at fdt1 not configured
dwctwo0 at fdt1: USB controller
dwctwo0: interrupting on icu irq 9
/soc/v3d@7ec00000 at fdt1 not configured
/soc/gpu at fdt1 not configured
genfb0 at fdt1: switching to framebuffer console
genfb0: framebuffer at 0x4ea1e000, size 800x600, depth 32, stride 3200
wsdisplay0 at genfb0 kbdmux 1: console (default, vt100 emulation)
wsmux1: connecting to wsdisplay0
wsdisplay0: screen 1-3 added (default, vt100 emulation)
vchiq0 at fdt1: BCM2835 VCHIQ
/soc/arm-pmu at fdt1 not configured
timecounter: Timecounter "clockinterrupt" frequency 100 Hz quality 0
timecounter: Timecounter "bcmtmr0" frequency 1000000 Hz quality 100
sdhc0: SDHC 3.0, rev 153, platform DMA, 200000 kHz, HS 3.3V, re-tuning mode 1, 1024 byte blocks
sdmmc0 at sdhc0 slot 0
usb0 at dwctwo0: USB revision 2.0
sdhc0: cmd timeout error
uhub0 at usb0: vendor 0000 (0000) DWC2 root hub (0000), class 9/0, rev 2.00/1.00, addr 1
uhub0: 1 port with 1 removable, self powered
IPsec: Initialized Security Association Processing.
sdmmc0: SD card status: 4-bit, C10, U3, V30
ld0 at sdmmc0: <0x74:0x4a60:USDU1:0x20:0x0b8001da:0x113>
ld0: 29423 MB, 7472 cyl, 128 head, 63 sec, 512 bytes/sect x 60258304 sectors
ld0: 4-bit width, High-Speed/SDR25, 50.000 MHz
uhidev0 at uhub0 port 1 configuration 1 interface 0
uhidev0: vendor 056e (0x56e) TK-FCP027 Series (0x1014), rev 1.10/1.03, addr 2, iclass 3/1
ukbd0 at uhidev0: 8 Variable keys, 6 Array codes
wskbd0 at ukbd0: console keyboard, using wsdisplay0
uhidev1 at uhub0 port 1 configuration 1 interface 1
uhidev1: vendor 056e (0x56e) TK-FCP027 Series (0x1014), rev 1.10/1.03, addr 2, iclass 3/0
uhidev1: 2 report ids
uhid0 at uhidev1 reportid 1: input=1, output=0, feature=0
uhid1 at uhidev1 reportid 2: input=3, output=0, feature=0
uhub0: illegal enable change, port 1
WARNING: 1 error while detecting hardware; check system log.
boot device: ld0
root on ld0a dumps on ld0b
root file system type: ffs
kern.module.path=/stand/evbarm/8.99.14/modules
vchiq0: interrupting on icu irq 66
vchiq: vchiq_init_state: slot_zero = 0xc5370000, is_master = 0
vchiq: local ver 8 (min 3), remote ver 8.
vcaudio0 at vchiq0: auds
vchiq_get_state: g_state.remote->initialised != 1 (0)
WARNING: no TOD clock present
WARNING: using filesystem time
WARNING: CHECK AND RESET THE DATE!
audio0 at vcaudio0: half duplex, playback, capture, mmap, independent
vcaudio0: Virtual format configured - Format SLINEAR, precision 16, channels 2, frequency 48000
vcaudio0: Latency: 100 milliseconds
spkr0 at audio0: PC Speaker (synthesized)
wsbell at spkr0 not configured
wsdisplay0: screen 4 added (default, vt100 emulation)
