Copyright (c) 1996, 1997, 1998, 1999, 2000, 2001, 2002, 2003, 2004, 2005,
    2006, 2007, 2008, 2009, 2010, 2011, 2012, 2013, 2014, 2015, 2016
    The NetBSD Foundation, Inc.  All rights reserved.
Copyright (c) 1982, 1986, 1989, 1991, 1993
    The Regents of the University of California.  All rights reserved.

NetBSD 7.99.42 (RPI.201611081750Z)
total memory = 448 MB
avail memory = 433 MB
sysctl_createv: sysctl_create(machine_arch) returned 17
timecounter: Timecounters tick every 10.000 msec
mainbus0 (root)
cpu0 at mainbus0 core 0: 700 MHz ARM1176JZ-S r0p7 (ARM11J V6ZK core)
cpu0: DC enabled IC enabled WB enabled LABT
cpu0: 16KB/32B 4-way L1 VIPT Instruction cache
cpu0: 16KB/32B 4-way write-back-locking-C L1 VIPT Data cache
vfp0 at cpu0: VFP11, rounding, exceptions
obio0 at mainbus0
bcmicu0 at obio0
bcmmbox0 at obio0 intr 65: VC mailbox
vcmbox0 at bcmmbox0
bcmtmr0 at obio0 intr 3: VC System Timer
vchiq0 at obio0 intr 66: BCM2835 VCHIQ
bcmpm0 at obio0: Power management, Reset and Watchdog controller
bcmdmac0 at obio0: DMA0 DMA2 DMA4 DMA5 DMA8 DMA9 DMA10
bcmrng0 at obio0: RNG
plcom0 at obio0 intr 57
plcom0: txfifo disabled
plcom0: console
genfb0 at obio0: switching to framebuffer console
genfb0: framebuffer at 0x5ea1e000, size 800x600, depth 32, stride 3200
wsdisplay0 at genfb0 kbdmux 1: console (default, vt100 emulation)
wsmux1: connecting to wsdisplay0
wsdisplay0: screen 1-3 added (default, vt100 emulation)
sdhc0 at obio0 intr 62: SDHC controller
sdhc0: interrupting on intr 62
dwctwo0 at obio0 intr 9: USB controller
bcmspi0 at obio0 intr 54: SPI
spi0 at bcmspi0: SPI bus
bsciic0 at obio0 intr 53: BSC0
iic0 at bsciic0: I2C bus
bsciic1 at obio0 intr 53: BSC1
iic1 at bsciic1: I2C bus
bcmgpio0 at obio0: GPIO [0...31]
gpio0 at bcmgpio0: 32 pins
bcmgpio1 at obio0: GPIO [32...53]
gpio1 at bcmgpio1: 22 pins
bcmcm at obio0 not configured
bcmpwm at obio0 not configured
usb0 at dwctwo0: USB revision 2.0
timecounter: Timecounter "clockinterrupt" frequency 100 Hz quality 0
timecounter: Timecounter "bcmtmr0" frequency 1000000 Hz quality 100
sdhc0: SDHC 3.0, rev 153, platform DMA, 250000 kHz, HS SDR50 3.3V, re-tuning mode 1, 1024 byte blocks
sdmmc0 at sdhc0 slot 0
uhub0 at usb0: vendor 0000 DWC2 root hub, class 9/0, rev 2.00/1.00, addr 1
uhub0: 1 port with 1 removable, self powered
IPsec: Initialized Security Association Processing.
ld0 at sdmmc0: <0x74:0x4a60:USD  :0x02:0x56a92194:0x0f2>
ld0: 7695 MB, 3908 cyl, 64 head, 63 sec, 512 bytes/sect x 15759360 sectors
ld0: 4-bit width, High-Speed/SDR25, 50.000 MHz
uhidev0 at uhub0 port 1 configuration 1 interface 0
uhidev0: vendor 05af 2.4G Dongle, rev 2.00/3.03, addr 2, iclass 3/1
ukbd0 at uhidev0: 8 modifier keys, 6 key codes
wskbd0 at ukbd0: console keyboard, using wsdisplay0
uhidev1 at uhub0 port 1 configuration 1 interface 1
uhidev1: vendor 05af 2.4G Dongle, rev 2.00/3.03, addr 2, iclass 3/1
uhidev1: 1 report ids
ums0 at uhidev1 reportid 1: 3 buttons and Z dir
wsmouse0 at ums0 mux 0
uhidev2 at uhub0 port 1 configuration 1 interface 2
uhidev2: vendor 05af 2.4G Dongle, rev 2.00/3.03, addr 2, iclass 3/0
uhid0 at uhidev2: input=3, output=0, feature=0
uhub0: illegal enable change, port 1
WARNING: 1 error while detecting hardware; check system log.
boot device: ld0
root on ld0a dumps on ld0b
root file system type: ffs
kern.module.path=/stand/evbarm/7.99.42/modules
vchiq: local ver 6 (min 3), remote ver 6.
vcaudio0 at vchiq0: auds
vchiq_get_state: g_state.remote->initialised != 1 (0)
WARNING: no TOD clock present
WARNING: using filesystem time
WARNING: CHECK AND RESET THE DATE!
audio0 at vcaudio0: half duplex, playback, capture, independent
wsdisplay0: screen 4 added (default, vt100 emulation)
