Copyright (c) 1996, 1997, 1998, 1999, 2000, 2001, 2002, 2003, 2004, 2005,
2006, 2007, 2008, 2009, 2010, 2011, 2012, 2013, 2014, 2015, 2016, 2017,
2018, 2019 The NetBSD Foundation, Inc.  All rights reserved.
Copyright (c) 1982, 1986, 1989, 1991, 1993
The Regents of the University of California.  All rights reserved.

NetBSD 9.99.17 (RPI.201910161520UTC) #8: Thu Oct 17 11:52:40 JST 2019
	jun@amix200m.soum.co.jp:/usr/local/Build/src/sys/arch/evbarm/compile/RPI
total memory = 448 MB
avail memory = 433 MB
pool redzone disabled for 'buf8k'
pool redzone disabled for 'buf64k'
timecounter: Timecounters tick every 10.000 msec
armfdt0 (root)
simplebus0 at armfdt0: Raspberry Pi Zero W Rev 1.1
simplebus1 at simplebus0
simplebus2 at simplebus0
simplebus3 at simplebus0
cpus0 at simplebus0
cpu0 at cpus0: 700 MHz ARM1176JZ-S r0p7 (ARM11J V6ZK core)
cpu0: DC enabled IC enabled WB enabled LABT
cpu0: 16KB/32B 4-way L1 VIPT Instruction cache
cpu0: 16KB/32B 4-way write-back-locking-C L1 VIPT Data cache
vfp0 at cpu0: VFP11, rounding, exceptions
fclock0 at simplebus2: 19200000 Hz fixed clock (osc)
fclock1 at simplebus2: 480000000 Hz fixed clock (otg)
simplebus4 at simplebus1
bcmicu0 at simplebus1
bcmcprman0 at simplebus1: BCM283x Clock Controller
bcmtmr0 at simplebus1: VC System Timer
bcmtmr0: interrupting on icu irq 3
bcmaux0 at simplebus1
/soc/thermal@7e212000 at simplebus1 not configured
/soc/dsi@7e209000 at simplebus1 not configured
bcmgpio0 at simplebus1: GPIO controller 2835
bcmgpio0: pins 0..31 interrupting on icu irq 49
bcmgpio0: pins 32..54 interrupting on icu irq 50
gpio0 at bcmgpio0: 54 pins
bcmdmac0 at simplebus1: DMA0 DMA2 DMA4 DMA5 DMA8 DMA9 DMA10
/soc/power at simplebus1 not configured
/wifi-pwrseq at simplebus0 not configured
bsciic0 at simplebus1: Broadcom Serial Controller
iic0 at bsciic0: I2C bus
/phy at simplebus0 not configured
bcmpmwdog0 at simplebus1: Power management, Reset and Watchdog controller
bcmmbox0 at simplebus1: VC mailbox
bcmmbox0: interrupting on icu irq 65
vcmbox0 at bcmmbox0
plcom0 at simplebus1: ARM PL011 UART
plcom0: txfifo disabled
plcom0: interrupting on icu irq 57
bcmsdhost0 at simplebus1: SD HOST controller
bcmsdhost0: interrupting on icu irq 56
bsciic1 at simplebus1: Broadcom Serial Controller
iic1 at bsciic1: I2C bus
com0 at simplebus1: BCM AUX UART, working fifo
com0: console
com0: interrupting on icu irq 29
sdhc0 at simplebus1: SDHC controller
sdhc0: interrupting on icu irq 62
bsciic2 at simplebus1: Broadcom Serial Controller
iic2 at bsciic2: I2C bus
/soc/vec@7e806000 at simplebus1 not configured
/soc/hdmi@7e902000 at simplebus1 not configured
dwctwo0 at simplebus1: USB controller
dwctwo0: interrupting on icu irq 9
/soc/gpu at simplebus1 not configured
genfb0 at simplebus1: switching to framebuffer console
genfb0: framebuffer at 0x5dc5a000, size 1920x1280, depth 32, stride 10240
wsdisplay0 at genfb0 kbdmux 1: console (default, vt100 emulation)
wsmux1: connecting to wsdisplay0
wsdisplay0: screen 1-3 added (default, vt100 emulation)
vchiq0 at simplebus1: BCM2835 VCHIQ
/arm-pmu at simplebus0 not configured
gpioleds0 at simplebus0: ACT
/soc/txp@7e004000 at simplebus1 not configured
bcmrng0 at simplebus1: RNG
timecounter: Timecounter "clockinterrupt" frequency 100 Hz quality 0
timecounter: Timecounter "bcmtmr0" frequency 1000000 Hz quality 100
sdmmc0 at bcmsdhost0
sdhc0: SDHC 3.0, rev 153, platform DMA, 200000 kHz, HS 3.3V, re-tuning mode 1, 1024 byte blocks
sdmmc1 at sdhc0 slot 0
dwctwo0: Core Release: 2.80a (snpsid=4f54280a)
usb0 at dwctwo0: USB revision 2.0
sdhc0: cmd timeout error
uhub0 at usb0: NetBSD (0000) DWC2 root hub (0000), class 9/0, rev 2.00/1.00, addr 1
uhub0: 1 port with 1 removable, self powered
sdmmc0: SD card status: 4-bit, C10, U1, V10
ld0 at sdmmc0: <0x74:0x4a60:USDU1:0x20:0x4010773e:0x125>
ld0: 61023 MB, 7779 cyl, 255 head, 63 sec, 512 bytes/sect x 124975104 sectors
ld0: 4-bit width, High-Speed/SDR25, 50.000 MHz
IPsec: Initialized Security Association Processing.
bwfm0 at sdmmc1 function 1
(manufacturer 0x2d0, product 0xa9a6) at sdmmc1 function 2 not configured
uhidev0 at uhub0 port 1 configuration 1 interface 0
uhidev0: vendor 056e (0x56e) TK-FCP027 Series (0x1014), rev 1.10/1.03, addr 2, iclass 3/1
ukbd0 at uhidev0: 8 Variable keys, 6 Array codes
wskbd0 at ukbd0: console keyboard, using wsdisplay0
uhidev1 at uhub0 port 1 configuration 1 interface 1
uhidev1: vendor 056e (0x56e) TK-FCP027 Series (0x1014), rev 1.10/1.03, addr 2, iclass 3/0
uhidev1: 2 report ids
uhid0 at uhidev1 reportid 1: input=1, output=0, feature=0
uhid1 at uhidev1 reportid 2: input=3, output=0, feature=0
uhub0: autoconfiguration error: illegal enable change, port 1
WARNING: 1 error while detecting hardware; check system log.
boot device: ld0
root on ld0a dumps on ld0b
root file system type: ffs
kern.module.path=/stand/evbarm/9.99.17/modules
vchiq0: interrupting on icu irq 66
vchiq: vchiq_init_state: slot_zero = 0xca0d0000, is_master = 0
vchiq: local ver 8 (min 3), remote ver 8.
vcaudio0 at vchiq0: auds
WARNING: no TOD clock present
WARNING: using filesystem time
WARNING: CHECK AND RESET THE DATE!
audio0 at vcaudio0: playback, capture, half duplex, independent
audio0: slinear_le:16 -> slinear_le:16 2ch 48000Hz, blk 40ms for playback
audio0: slinear_le:16 2ch 48000Hz, blk 40ms for recording
spkr0 at audio0: PC Speaker (synthesized)
wsbell at spkr0 not configured
bwfm0: wl0: Oct 23 2017 03:55:53 version 7.45.98.38 (r674442 CY) FWID 01-e58d219f
bwfm0: address b8:27:eb:3e:fd:a9
wsdisplay0: screen 4 added (default, vt100 emulation)
