Copyright (c) 1996, 1997, 1998, 1999, 2000, 2001, 2002, 2003, 2004, 2005,
2006, 2007, 2008, 2009, 2010, 2011, 2012, 2013, 2014, 2015, 2016, 2017,
2018 The NetBSD Foundation, Inc.  All rights reserved.
Copyright (c) 1982, 1986, 1989, 1991, 1993
The Regents of the University of California.  All rights reserved.

NetBSD 8.99.24 (RPI2) #0: Wed Aug 22 13:16:41 UTC 2018
	mkrepro@mkrepro.NetBSD.org:/usr/src/sys/arch/evbarm/compile/RPI2
total memory = 948 MB
avail memory = 930 MB
timecounter: Timecounters tick every 10.000 msec
armfdt0 (root)
simplebus0 at armfdt0: Raspberry Pi 2 Model B Rev 1.1
simplebus1 at simplebus0
simplebus2 at simplebus0
fclock0 at simplebus2: 19200000 Hz fixed clock (osc)
fclock1 at simplebus2: 480000000 Hz fixed clock (otg)
simplebus3 at simplebus1
cpus0 at simplebus0
cpu0 at cpus0: 600 MHz Cortex-A7 r0p5 (Cortex V7A core)
cpu0: DC enabled IC enabled WB disabled EABT branch prediction enabled
cpu0: 32KB/32B 2-way L1 VIPT Instruction cache
cpu0: 32KB/64B 4-way write-back-locking-C L1 PIPT Data cache
cpu0: 512KB/64B 8-way write-through L2 PIPT Unified cache
vfp0 at cpu0: NEON MPE (VFP 3.0+), rounding, NaN propagation, denormals
cpu1 at cpus0
cpu2 at cpus0
cpu3 at cpus0
simplebus4 at simplebus0
bcmicu0 at simplebus1
bcmicu1 at simplebus1: Multiprocessor
bcmcprman0 at simplebus1: BCM283x Clock Controller
gtmr0 at simplebus0: Generic Timer
gtmr0: interrupting on local_intc irq 3
armgtmr0 at gtmr0: ARM Generic Timer (19200 kHz)
timecounter: Timecounter "armgtmr0" frequency 19200000 Hz quality 500
bcmaux0 at simplebus1
/soc/thermal@7e212000 at simplebus1 not configured
/soc/dsi@7e209000 at simplebus1 not configured
bcmgpio0 at simplebus1: GPIO controller
bcmgpio0: pins 0..31 interrupting on icu irq 177
bcmgpio0: pins 32..54 interrupting on icu irq 178
gpio0 at bcmgpio0: 54 pins
bcmdmac0 at simplebus1: DMA0 DMA2 DMA4 DMA5 DMA8 DMA9 DMA10
/soc/power at simplebus1 not configured
bsciic0 at simplebus1: Broadcom Serial Controller
iic0 at bsciic0: I2C bus
/phy at simplebus0 not configured
bcmmbox0 at simplebus1: VC mailbox
bcmmbox0: interrupting on icu irq 193
vcmbox0 at bcmmbox0
plcom0 at simplebus1
plcom0: txfifo disabled
plcom0: console
bsciic1 at simplebus1: Broadcom Serial Controller
iic1 at bsciic1: I2C bus
/soc/pwm@7e20c000 at simplebus1 not configured
sdhc0 at simplebus1: SDHC controller
sdhc0: interrupting on icu irq 190
bsciic2 at simplebus1: Broadcom Serial Controller
iic2 at bsciic2: I2C bus
/soc/vec@7e806000 at simplebus1 not configured
/soc/hdmi@7e902000 at simplebus1 not configured
dwctwo0 at simplebus1: USB controller
dwctwo0: interrupting on icu irq 137
/soc/gpu at simplebus1 not configured
genfb0 at simplebus1: switching to framebuffer console
genfb0: framebuffer at 0xfea1e000, size 800x600, depth 32, stride 3200
wsdisplay0 at genfb0 kbdmux 1: console (default, vt100 emulation)
wsmux1: connecting to wsdisplay0
wsdisplay0: screen 1-3 added (default, vt100 emulation)
vchiq0 at simplebus1: BCM2835 VCHIQ
/arm-pmu at simplebus0 not configured
gpioleds0 at simplebus0: ACT PWR
/soc/timer@7e003000 at simplebus1 not configured
watchdog0 at simplebus1: Power management, Reset and Watchdog controller
bcmrng0 at simplebus1: RNG
/soc/mailbox@7e00b840 at simplebus1 not configured
timecounter: Timecounter "clockinterrupt" frequency 100 Hz quality 0
cpu2: 600 MHz Cortex-A7 r0p5 (Cortex V7A core)
cpu2: DC enabled IC enabled WB disabled EABT branch prediction enabled
cpu2: 32KB/32B 2-way L1 VIPT Instruction cache
cpu2: 32KB/64B 4-way write-back-locking-C L1 PIPT Data cache
cpu2: 512KB/64B 8-way write-through L2 PIPT Unified cache
vfp2 at cpu2: NEON MPE (VFP 3.0+), rounding, NaN propagation, denormals
cpu3: 600 MHz Cortex-A7 r0p5 (Cortex V7A core)
cpu3: DC enabled IC enabled WB disabled EABT branch prediction enabled
cpu3: 32KB/32B 2-way L1 VIPT Instruction cache
cpu3: 32KB/64B 4-way write-back-locking-C L1 PIPT Data cache
cpu3: 512KB/64B 8-way write-through L2 PIPT Unified cache
vfp3 at cpu3: NEON MPE (VFP 3.0+), rounding, NaN propagation, denormals
cpu1: 600 MHz Cortex-A7 r0p5 (Cortex V7A core)
cpu1: DC enabled IC enabled WB disabled EABT branch prediction enabled
cpu1: 32KB/32B 2-way L1 VIPT Instruction cache
cpu1: 32KB/64B 4-way write-back-locking-C L1 PIPT Data cache
cpu1: 512KB/64B 8-way write-through L2 PIPT Unified cache
vfp1 at cpu1: NEON MPE (VFP 3.0+), rounding, NaN propagation, denormals
sdhc0: SDHC 3.0, rev 153, platform DMA, 200000 kHz, HS 3.3V, re-tuning mode 1, 1024 byte blocks
sdmmc0 at sdhc0 slot 0
dwctwo0: Core Release: 2.80a (snpsid=4f54280a)
usb0 at dwctwo0: USB revision 2.0
uhub0 at usb0: NetBSD (0000) DWC2 root hub (0000), class 9/0, rev 2.00/1.00, addr 1
uhub0: 1 port with 1 removable, self powered
sdhc0: cmd timeout error
sdmmc0: SD card status: 4-bit, C10, U3, V30
ld0 at sdmmc0: <0x74:0x4a60:USDU1:0x20:0x0b8001da:0x113>
ld0: 29423 MB, 7472 cyl, 128 head, 63 sec, 512 bytes/sect x 60258304 sectors
ld0: 4-bit width, High-Speed/SDR25, 50.000 MHz
IPsec: Initialized Security Association Processing.
uhub1 at uhub0 port 1: vendor 0424 (0x424) product 9514 (0x9514), class 9/0, rev 2.00/2.00, addr 2
uhub1: multiple transaction translators
uhub1: 5 ports with 4 removable, self powered
usmsc0 at uhub1 port 1
usmsc0: vendor 0424 (0x424) product ec00 (0xec00), rev 2.00/2.00, addr 3
usmsc0: Ethernet address b8:27:eb:1f:7a:14
ukphy0 at usmsc0 phy 1: OUI 0x00800f, model 0x000c, rev. 3
ukphy0: 10baseT, 10baseT-FDX, 100baseTX, 100baseTX-FDX, auto
uhidev0 at uhub1 port 4 configuration 1 interface 0
uhidev0: vendor 0461 (0x461) USB Optical Mouse (0x4d0f), rev 2.00/2.00, addr 4, iclass 3/1
ums0 at uhidev0: 3 buttons, W and Z dirs
wsmouse0 at ums0 mux 0
uhub0: autoconfiguration error: illegal enable change, port 1
umass0 at uhub1 port 3 configuration 1 interface 0
umass0: StoreJet Transcend (0x174c) StoreJet Transcend (0x5106), rev 2.10/80.00, addr 5
umass0: using SCSI over Bulk-Only
scsibus0 at umass0: 2 targets, 1 lun per target
sd0 at scsibus0 target 0 lun 0: <StoreJet, Transcend, 0> disk fixed
sd0: 111 GB, 16383 cyl, 16 head, 63 sec, 512 bytes/sect x 234441648 sectors
WARNING: 1 error while detecting hardware; check system log.
boot device: ld0
root on ld0a dumps on ld0b
root file system type: ffs
kern.module.path=/stand/evbarm/8.99.24/modules
vchiq0: interrupting on icu irq 194
vchiq: vchiq_init_state: slot_zero = 0xcaac0000, is_master = 0
vchiq: local ver 8 (min 3), remote ver 8.
vcaudio0 at vchiq0: auds
vchiq_get_state: g_state.remote->initialised != 1 (0)
vchiq: vchiq_initialise: videocore initialized after 1 retries
WARNING: no TOD clock present
WARNING: using filesystem time
WARNING: CHECK AND RESET THE DATE!
audio0 at vcaudio0: half duplex, playback, capture, mmap, independent
vcaudio0: Virtual format configured - Format SLINEAR, precision 16, channels 2, frequency 48000
vcaudio0: Latency: 100 milliseconds
spkr0 at audio0: PC Speaker (synthesized)
wsbell at spkr0 not configured
wsdisplay0: screen 4 added (default, vt100 emulation)
