Copyright (c) 1996, 1997, 1998, 1999, 2000, 2001, 2002, 2003, 2004, 2005,
    2006, 2007, 2008, 2009, 2010, 2011, 2012, 2013, 2014, 2015, 2016, 2017,
    2018, 2019, 2020 The NetBSD Foundation, Inc.  All rights reserved.
Copyright (c) 1982, 1986, 1989, 1991, 1993
    The Regents of the University of California.  All rights reserved.

NetBSD 9.99.68 (RPI2) #0: Mon Jun 22 20:15:25 UTC 2020
	mkrepro@mkrepro.NetBSD.org:/usr/src/sys/arch/evbarm/compile/RPI2
total memory = 948 MB
avail memory = 916 MB
pool redzone disabled for 'buf4k'
pool redzone disabled for 'buf64k'
entropy: no seed from bootloader
timecounter: Timecounters tick every 10.000 msec
armfdt0 (root)
simplebus0 at armfdt0: Raspberry Pi 2 Model B Rev 1.1
simplebus1 at simplebus0
simplebus2 at simplebus0
cpus0 at simplebus0
simplebus3 at simplebus0
cpu0 at cpus0: 600 MHz Cortex-A7 r0p5 (Cortex V7A core)
cpu0: DC enabled IC enabled WB enabled LABT branch prediction enabled
cpu0: 32KB/32B 2-way L1 VIPT Instruction cache
cpu0: 32KB/64B 4-way write-back-locking-C L1 PIPT Data cache
cpu0: 512KB/64B 8-way write-through L2 PIPT Unified cache
vfp0 at cpu0: NEON MPE (VFP 3.0+), rounding, NaN propagation, denormals
cpu1 at cpus0
cpu2 at cpus0
cpu3 at cpus0
fclock0 at simplebus2: 19200000 Hz fixed clock (osc)
fclock1 at simplebus2: 480000000 Hz fixed clock (otg)
simplebus4 at simplebus1
bcmicu0 at simplebus1
bcmcprman0 at simplebus1: BCM283x Clock Controller
bcmicu1 at simplebus1: Multiprocessor
gtmr0 at simplebus0: Generic Timer
gtmr0: interrupting on local_intc irq 3
armgtmr0 at gtmr0: Generic Timer (19200 kHz, virtual)
timecounter: Timecounter "armgtmr0" frequency 19200000 Hz quality 500
bcmaux0 at simplebus1
/soc/thermal@7e212000 at simplebus1 not configured
/soc/dsi@7e209000 at simplebus1 not configured
bcmgpio0 at simplebus1: GPIO controller 2835
bcmgpio0: pins 0..31 interrupting on icu irq 49
bcmgpio0: pins 32..54 interrupting on icu irq 50
gpio0 at bcmgpio0: 54 pins
bcmdmac0 at simplebus1: DMA0 DMA2 DMA4 DMA5 DMA8 DMA9 DMA10
/soc/power at simplebus1 not configured
/phy at simplebus0 not configured
bsciic0 at simplebus1: Broadcom Serial Controller
bsciic0: interrupting on icu irq 53
iic0 at bsciic0: I2C bus
bcmpmwdog0 at simplebus1: Power management, Reset and Watchdog controller
bcmmbox0 at simplebus1: VC mailbox
bcmmbox0: interrupting on icu irq 65
vcmbox0 at bcmmbox0
/soc/timer@7e003000 at simplebus1 not configured
/soc/txp@7e004000 at simplebus1 not configured
plcom0 at simplebus1: ARM PL011 UART
plcom0: txfifo disabled
plcom0: console
plcom0: interrupting on icu irq 57
bcmsdhost0 at simplebus1: SD HOST controller
bcmsdhost0: interrupting on icu irq 56
bsciic1 at simplebus1: Broadcom Serial Controller
bsciic1: interrupting on icu irq 53
iic1 at bsciic1: I2C bus
/soc/pwm@7e20c000 at simplebus1 not configured
bsciic2 at simplebus1: Broadcom Serial Controller
bsciic2: interrupting on icu irq 53
iic2 at bsciic2: I2C bus
/soc/vec@7e806000 at simplebus1 not configured
dwctwo0 at simplebus1: USB controller
dwctwo0: interrupting on icu irq 9
/soc/hdmi@7e902000 at simplebus1 not configured
/soc/gpu at simplebus1 not configured
genfb0 at simplebus1: switching to framebuffer console
genfb0: framebuffer at 0xfdc5a000, size 1920x1280, depth 32, stride 10240
wsdisplay0 at genfb0 kbdmux 1: console (default, vt100 emulation)
wsmux1: connecting to wsdisplay0
wsdisplay0: screen 1-3 added (default, vt100 emulation)
vchiq0 at simplebus1: BCM2835 VCHIQ
/arm-pmu at simplebus0 not configured
gpioleds0 at simplebus0: ACT PWR
bcmrng0 at simplebus1: RNG
entropy: ready
timecounter: Timecounter "clockinterrupt" frequency 100 Hz quality 0
cpu1: 600 MHz Cortex-A7 r0p5 (Cortex V7A core)
cpu1: DC enabled IC enabled WB enabled LABT branch prediction enabled
cpu1: 32KB/32B 2-way L1 VIPT Instruction cache
cpu1: 32KB/64B 4-way write-back-locking-C L1 PIPT Data cache
cpu1: 512KB/64B 8-way write-through L2 PIPT Unified cache
vfp1 at cpu1: NEON MPE (VFP 3.0+), rounding, NaN propagation, denormals
cpu2: 600 MHz Cortex-A7 r0p5 (Cortex V7A core)
cpu2: DC enabled IC enabled WB enabled LABT branch prediction enabled
cpu2: 32KB/32B 2-way L1 VIPT Instruction cache
cpu2: 32KB/64B 4-way write-back-locking-C L1 PIPT Data cache
cpu2: 512KB/64B 8-way write-through L2 PIPT Unified cache
vfp2 at cpu2: NEON MPE (VFP 3.0+), rounding, NaN propagation, denormals
cpu3: 600 MHz Cortex-A7 r0p5 (Cortex V7A core)
cpu3: DC enabled IC enabled WB enabled LABT branch prediction enabled
cpu3: 32KB/32B 2-way L1 VIPT Instruction cache
cpu3: 32KB/64B 4-way write-back-locking-C L1 PIPT Data cache
cpu3: 512KB/64B 8-way write-through L2 PIPT Unified cache
vfp3 at cpu3: NEON MPE (VFP 3.0+), rounding, NaN propagation, denormals
sdmmc0 at bcmsdhost0
dwctwo0: Core Release: 2.80a (snpsid=4f54280a)
usb0 at dwctwo0: USB revision 2.0
uhub0 at usb0: NetBSD (0x0000) DWC2 root hub (0x0000), class 9/0, rev 2.00/1.00, addr 1
uhub0: 1 port with 1 removable, self powered
IPsec: Initialized Security Association Processing.
sdmmc0: direct I/O error 5, r=6 p=0xd265cf14 write
sdmmc0: SD card status: 4-bit, C10, U1, V10
ld0 at sdmmc0: <0x74:0x4a60:USDU1:0x20:0x4010773e:0x125>
ld0: 61023 MB, 7779 cyl, 255 head, 63 sec, 512 bytes/sect x 124975104 sectors
ld0: 4-bit width, High-Speed/SDR25, 50.000 MHz
uhub1 at uhub0 port 1: vendor 0424 (0x0424) product 9514 (0x9514), class 9/0, rev 2.00/2.00, addr 2
uhub1: multiple transaction translators
uhub1: 5 ports with 4 removable, self powered
usmsc0 at uhub1 port 1
usmsc0: vendor 0424 (0x0424) product ec00 (0xec00), rev 2.00/2.00, addr 3
ukphy0 at usmsc0 phy 1: OUI 0x00800f, model 0x000c, rev. 3
ukphy0: 10baseT, 10baseT-FDX, 100baseTX, 100baseTX-FDX, auto
usmsc0: Ethernet address b8:27:eb:1f:7a:14
uhidev0 at uhub1 port 3 configuration 1 interface 0
uhidev0: vendor 056e (0x056e) TK-FCP027 Series (0x1014), rev 1.10/1.03, addr 4, iclass 3/1
ukbd0 at uhidev0: 8 Variable keys, 6 Array codes
wskbd0 at ukbd0: console keyboard, using wsdisplay0
uhidev1 at uhub1 port 3 configuration 1 interface 1
uhidev1: vendor 056e (0x056e) TK-FCP027 Series (0x1014), rev 1.10/1.03, addr 4, iclass 3/0
uhidev1: 2 report ids
uhid0 at uhidev1 reportid 1: input=1, output=0, feature=0
uhid1 at uhidev1 reportid 2: input=3, output=0, feature=0
uhub0: autoconfiguration error: illegal enable change, port 1
cgd: self-test aes-xts-256
cgd: self-test aes-xts-512
cgd: self-test aes-cbc-128
cgd: self-test aes-cbc-256
cgd: self-test 3des-cbc-192
cgd: self-test blowfish-cbc-448
cgd: self-test aes-cbc-128 (encblkno8)
cgd: self-tests passed
WARNING: 1 error while detecting hardware; check system log.
boot device: ld0
root on ld0a dumps on ld0b
root file system type: ffs
kern.module.path=/stand/evbarm/9.99.68/modules
WARNING: no TOD clock present
WARNING: using filesystem time
WARNING: CHECK AND RESET THE DATE!
vchiq0: interrupting on icu irq 66
vchiq: vchiq_init_state: slot_zero = 0xd2ac0000, is_master = 0
vchiq: local ver 8 (min 3), remote ver 8.
vcaudio0 at vchiq0: auds
kern notice: vchiq_get_state: g_state.remote->initialised != 1 (0)
audio0 at vcaudio0: playback, capture, half duplex, independent
audio0: slinear_le:16 -> slinear_le:16 2ch 48000Hz, blk 7680 bytes (40ms) for playback
audio0: slinear_le:16 2ch 48000Hz, blk 7680 bytes (40ms) for recording
spkr0 at audio0: PC Speaker (synthesized)
wsbell at spkr0 not configured
wsdisplay0: screen 4 added (default, vt100 emulation)
