Copyright (c) 1996, 1997, 1998, 1999, 2000, 2001, 2002, 2003,
    2004, 2005, 2006, 2007, 2008, 2009, 2010, 2011, 2012, 2013,
    2014, 2015, 2016, 2017, 2018, 2019, 2020, 2021, 2022, 2023
    The NetBSD Foundation, Inc.  All rights reserved.
Copyright (c) 1982, 1986, 1989, 1991, 1993
    The Regents of the University of California.  All rights reserved.

NetBSD 10.99.10 (RPI2) #0: Tue Oct 17 19:33:16 UTC 2023
	mkrepro@mkrepro.NetBSD.org:/usr/src/sys/arch/evbarm/compile/RPI2
total memory = 948 MB
avail memory = 915 MB
timecounter: Timecounters tick every 10.000 msec
Kernelized RAIDframe activated
armfdt0 (root)
simplebus0 at armfdt0: Raspberry Pi 3 Model B Rev 1.2
simplebus1 at simplebus0
simplebus2 at simplebus0
cpus0 at simplebus0
simplebus3 at simplebus0
cpu0 at cpus0: 600 MHz Cortex-A53 r0p4 (Cortex V8A core)
cpu0: DC enabled IC enabled WB enabled EABT branch prediction enabled
cpu0: L1 32KB/64B 2-way (256 set) VIPT Instruction cache
cpu0: L1 32KB/64B 4-way (128 set) write-back-locking-C PIPT Data cache
cpu0: L2 512KB/64B 16-way (512 set) write-through PIPT Unified cache
vfp0 at cpu0: NEON MPE (VFP 3.0+), rounding, NaN propagation, denormals
cpu1 at cpus0: 600 MHz Cortex-A53 r0p4 (Cortex V8A core)
cpu1: DC enabled IC enabled WB enabled EABT branch prediction enabled
cpu1: L1 32KB/64B 2-way (256 set) VIPT Instruction cache
cpu1: L1 32KB/64B 4-way (128 set) write-back-locking-C PIPT Data cache
cpu1: L2 512KB/64B 16-way (512 set) write-through PIPT Unified cache
vfp1 at cpu1: NEON MPE (VFP 3.0+), rounding, NaN propagation, denormals
cpu2 at cpus0: 600 MHz Cortex-A53 r0p4 (Cortex V8A core)
cpu2: DC enabled IC enabled WB enabled EABT branch prediction enabled
cpu2: L1 32KB/64B 2-way (256 set) VIPT Instruction cache
cpu2: L1 32KB/64B 4-way (128 set) write-back-locking-C PIPT Data cache
cpu2: L2 512KB/64B 16-way (512 set) write-through PIPT Unified cache
vfp2 at cpu2: NEON MPE (VFP 3.0+), rounding, NaN propagation, denormals
cpu3 at cpus0: 600 MHz Cortex-A53 r0p4 (Cortex V8A core)
cpu3: DC enabled IC enabled WB enabled EABT branch prediction enabled
cpu3: L1 32KB/64B 2-way (256 set) VIPT Instruction cache
cpu3: L1 32KB/64B 4-way (128 set) write-back-locking-C PIPT Data cache
cpu3: L2 512KB/64B 16-way (512 set) write-through PIPT Unified cache
vfp3 at cpu3: NEON MPE (VFP 3.0+), rounding, NaN propagation, denormals
fclock0 at simplebus2: 19200000 Hz fixed clock (osc)
fclock1 at simplebus2: 480000000 Hz fixed clock (otg)
bcmicu0 at simplebus1
bcmcprman0 at simplebus1: BCM283x Clock Controller
bcmicu1 at simplebus1: Multiprocessor
gtmr0 at simplebus0: Generic Timer
gtmr0: interrupting on local_intc irq 3
armgtmr0 at gtmr0: Generic Timer (19200 kHz, virtual)
timecounter: Timecounter "armgtmr0" frequency 19200000 Hz quality 500
bcmaux0 at simplebus1
/soc/thermal@7e212000 at simplebus1 not configured
bcmgpio0 at simplebus1: GPIO controller 2835
bcmgpio0: pins 0..31 interrupting on icu irq 49
bcmgpio0: pins 32..54 interrupting on icu irq 50
gpio0 at bcmgpio0: 54 pins
/soc/firmware at simplebus1 not configured
bcmdmac0 at simplebus1: DMA0 DMA2 DMA4 DMA5 DMA6 DMA7 DMA8 DMA9 DMA10 DMA11
/soc/power at simplebus1 not configured
/wifi-pwrseq at simplebus0 not configured
/phy at simplebus0 not configured
bsciic0 at simplebus1: Broadcom Serial Controller
bsciic0: interrupting on icu irq 53
iic0 at bsciic0: I2C bus
bcmmbox0 at simplebus1: VC mailbox
bcmmbox0: interrupting on icu irq 65
vcmbox0 at bcmmbox0
/soc/timer@7e003000 at simplebus1 not configured
/soc/txp@7e004000 at simplebus1 not configured
plcom0 at simplebus1: ARM PL011 UART
plcom0: txfifo 16 bytes
plcom0: interrupting on icu irq 57
bcmsdhost0 at simplebus1: SD HOST controller
bcmsdhost0: interrupting on icu irq 56
bsciic1 at simplebus1: Broadcom Serial Controller
bsciic1: interrupting on icu irq 53
iic1 at bsciic1: I2C bus
com0 at simplebus1: BCM AUX UART, 1-byte FIFO
com0: console
com0: interrupting on icu irq 29
/soc/pwm@7e20c000 at simplebus1 not configured
sdhc0 at simplebus1: SDHC controller
sdhc0: interrupting on icu irq 62
bsciic2 at simplebus1: Broadcom Serial Controller
bsciic2: interrupting on icu irq 53
iic2 at bsciic2: I2C bus
dwctwo0 at simplebus1: USB controller
dwctwo0: interrupting on icu irq 9
bcmpmwdog0 at simplebus1: Power management, Reset and Watchdog controller
/soc/vec@7e806000 at simplebus1 not configured
/soc/hdmi@7e902000 at simplebus1 not configured
/soc/gpu at simplebus1 not configured
genfb0 at simplebus1: switching to framebuffer console
genfb0: framebuffer at 0xfe876000, size 1280x720, depth 32, stride 5120
wsdisplay0 at genfb0 kbdmux 1: console (default, vt100 emulation)
wsmux1: connecting to wsdisplay0
wsdisplay0: screen 1-3 added (default, vt100 emulation)
vchiq0 at simplebus1: BCM2835 VCHIQ
/arm-pmu at simplebus0 not configured
gpioleds0 at simplebus0:
bcmrng0 at simplebus1: RNG
entropy: ready
timecounter: Timecounter "clockinterrupt" frequency 100 Hz quality 0
sdmmc0 at bcmsdhost0
sdhc0: SDHC 3.0, rev 153, caps <01610000/00000000>, platform DMA, 200000 kHz, HS 3.3V, re-tuning mode 1, 1024 byte blocks
sdmmc1 at sdhc0 slot 0
dwctwo0: Core Release: 2.80a (snpsid=4f54280a)
usb0 at dwctwo0: USB revision 2.0
IPsec: Initialized Security Association Processing.
uhub0 at usb0: NetBSD (0x0000) DWC2 root hub (0x0000), class 9/0, rev 2.00/1.00, addr 1
uhub0: 1 port with 1 removable, self powered
sdmmc0: direct I/O error 5, r=6 p=0xd1d4bf14 write
sdmmc0: SD card status: 4-bit, C10, U1, V10, A1
ld0 at sdmmc0: <0x02:0x544d:SA64G:0x79:0x49742ec7:0x169>
ld0: 59114 MB, 7535 cyl, 255 head, 63 sec, 512 bytes/sect x 121065472 sectors
ld0: 4-bit width, High-Speed/SDR25, 50.000 MHz
sdmmc1: 4-bit width, 50.000 MHz
bwfm0 at sdmmc1 function 1
(manufacturer 0x2d0, product 0xa9a6) at sdmmc1 function 2 not configured
uhub1 at uhub0 port 1: vendor 0424 (0x0424) product 9514 (0x9514), class 9/0, rev 2.00/2.00, addr 2
uhub1: multiple transaction translators
uhub1: 5 ports with 4 removable, self powered
usmsc0 at uhub1 port 1
usmsc0: vendor 0424 (0x0424) product ec00 (0xec00), rev 2.00/2.00, addr 3
smscphy0 at usmsc0 phy 1: SMSC LAN8700 10/100 Ethernet Transceiver, rev. 3
smscphy0: 10baseT, 10baseT-FDX, 100baseTX, 100baseTX-FDX, auto
usmsc0: Ethernet address b8:27:eb:b4:61:d5
uhub0: autoconfiguration error: illegal enable change, port 1
swwdog0: software watchdog initialized
WARNING: 1 error while detecting hardware; check system log.
boot device: ld0
root on ld0a dumps on ld0b
root file system type: ffs
kern.module.path=/stand/evbarm/10.99.10/modules
WARNING: no TOD clock present
WARNING: using filesystem time
WARNING: CHECK AND RESET THE DATE!
vchiq0: interrupting on icu irq 66
vchiq: vchiq_init_state: slot_zero = 0xd21b0000, is_master = 0
vchiq: local ver 8 (min 3), remote ver 8.
vcaudio0 at vchiq0: auds
notice: vchiq_get_state: g_state.remote->initialised != 1 (0)
vchiq: vchiq_initialise: videocore initialized after 1 retries
bwfm0: Firmware file default:    brcmfmac43430-sdio.bin
bwfm0: Firmware file model-spec: brcmfmac43430-sdio.raspberrypi,3-model-b.bin
audio0 at vcaudio0: playback
audio0: slinear_le:16 -> slinear_le:16 2ch 48000Hz, blk 7680 bytes (40ms) for playback
spkr0 at audio0: PC Speaker (synthesized)
wsbell at spkr0 not configured
bwfm0: Found Firmware file: brcmfmac43430-sdio.bin
bwfm0: NVRAM file default:    brcmfmac43430-sdio.txt
bwfm0: NVRAM file model-spec: brcmfmac43430-sdio.raspberrypi,3-model-b.txt
bwfm0: Found NVRAM file: brcmfmac43430-sdio.raspberrypi,3-model-b.txt
bwfm0: CLM file default:    brcmfmac43430-sdio.clm_blob
bwfm0: CLM file model-spec: brcmfmac43430-sdio.raspberrypi,3-model-b.clm_blob
umass0 at uhub1 port 5 configuration 1 interface 0
umass0: StoreJet Transcend (0x8564) StoreJet Transcend (0x7000), rev 2.10/80.00, addr 4
umass0: using SCSI over Bulk-Only
scsibus0 at umass0: 2 targets, 1 lun per target
sd0 at scsibus0 target 0 lun 0: <StoreJet, Transcend, 0> disk fixed
sd0: 223 GB, 16383 cyl, 16 head, 63 sec, 512 bytes/sect x 468862128 sectors
bwfm0: CHIPACTIVE
bwfm0: address b8:27:eb:e1:34:80
bwfm0: wl0: Oct 23 2017 03:55:53 version 7.45.98.38 (r674442 CY) FWID 01-e58d219f
wsdisplay0: screen 4 added (default, vt100 emulation)
