Copyright (c) 1996, 1997, 1998, 1999, 2000, 2001, 2002, 2003, 2004, 2005,
    2006, 2007, 2008, 2009, 2010, 2011, 2012, 2013, 2014, 2015, 2016, 2017,
    2018, 2019, 2020, 2021, 2022
    The NetBSD Foundation, Inc.  All rights reserved.
Copyright (c) 1982, 1986, 1989, 1991, 1993
    The Regents of the University of California.  All rights reserved.

NetBSD 10.99.1 (GENERIC64) #0: Tue Dec 20 23:08:51 UTC 2022
	mkrepro@mkrepro.NetBSD.org:/usr/src/sys/arch/evbarm/compile/GENERIC64
total memory = 2020 MB
avail memory = 1946 MB
timecounter: Timecounters tick every 10.000 msec
Kernelized RAIDframe activated
armfdt0 (root)
simplebus0 at armfdt0: Pinebook
simplebus1 at simplebus0
cpus0 at simplebus0
simplebus2 at simplebus0
psci0 at simplebus0: PSCI 0.2
cpu0 at cpus0: Arm Cortex-A53 r0p4 (v8-A), id 0x0
cpu0: package 0, core 0, smt 0
cpu0: IC enabled, DC enabled, EL0/EL1 stack Alignment check enabled
cpu0: Cache Writeback Granule 16B, Exclusives Reservation Granule 16B
cpu0: Dcache line 64, Icache line 64, DIC=0, IDC=0, LoUU=1, LoC=2, LoUIS=1
cpu0: L1 32KB/64B 2-way (256 set) VIPT Instruction cache
cpu0: L1 32KB/64B 4-way (128 set) PIPT Data cache
cpu0: L2 512KB/64B 16-way (512 set) PIPT Unified cache
cpu0: revID=0x80, PMCv3, 4k table, 64k table, 16bit ASID
cpu0: auxID=0x11120, FP, CRC32, SHA1, SHA256, AES+PMULL, NEON, rounding, NaN propagation, denormals, 32x64bitRegs, Fused Multiply-Add
cpufreqdt0 at cpu0
cpu1 at cpus0: Arm Cortex-A53 r0p4 (v8-A), id 0x1
cpu1: package 0, core 1, smt 0
cpu1: IC enabled, DC enabled, EL0/EL1 stack Alignment check enabled
cpu1: Cache Writeback Granule 16B, Exclusives Reservation Granule 16B
cpu1: Dcache line 64, Icache line 64, DIC=0, IDC=0, LoUU=1, LoC=2, LoUIS=1
cpu1: L1 32KB/64B 2-way (256 set) VIPT Instruction cache
cpu1: L1 32KB/64B 4-way (128 set) PIPT Data cache
cpu1: L2 512KB/64B 16-way (512 set) PIPT Unified cache
cpu1: revID=0x80, PMCv3, 4k table, 64k table, 16bit ASID
cpu1: auxID=0x11120, FP, CRC32, SHA1, SHA256, AES+PMULL, NEON, rounding, NaN propagation, denormals, 32x64bitRegs, Fused Multiply-Add
cpufreqdt1 at cpu1
cpu2 at cpus0: Arm Cortex-A53 r0p4 (v8-A), id 0x2
cpu2: package 0, core 2, smt 0
cpu2: IC enabled, DC enabled, EL0/EL1 stack Alignment check enabled
cpu2: Cache Writeback Granule 16B, Exclusives Reservation Granule 16B
cpu2: Dcache line 64, Icache line 64, DIC=0, IDC=0, LoUU=1, LoC=2, LoUIS=1
cpu2: L1 32KB/64B 2-way (256 set) VIPT Instruction cache
cpu2: L1 32KB/64B 4-way (128 set) PIPT Data cache
cpu2: L2 512KB/64B 16-way (512 set) PIPT Unified cache
cpu2: revID=0x80, PMCv3, 4k table, 64k table, 16bit ASID
cpu2: auxID=0x11120, FP, CRC32, SHA1, SHA256, AES+PMULL, NEON, rounding, NaN propagation, denormals, 32x64bitRegs, Fused Multiply-Add
cpufreqdt2 at cpu2
cpu3 at cpus0: Arm Cortex-A53 r0p4 (v8-A), id 0x3
cpu3: package 0, core 3, smt 0
cpu3: IC enabled, DC enabled, EL0/EL1 stack Alignment check enabled
cpu3: Cache Writeback Granule 16B, Exclusives Reservation Granule 16B
cpu3: Dcache line 64, Icache line 64, DIC=0, IDC=0, LoUU=1, LoC=2, LoUIS=1
cpu3: L1 32KB/64B 2-way (256 set) VIPT Instruction cache
cpu3: L1 32KB/64B 4-way (128 set) PIPT Data cache
cpu3: L2 512KB/64B 16-way (512 set) PIPT Unified cache
cpu3: revID=0x80, PMCv3, 4k table, 64k table, 16bit ASID
cpu3: auxID=0x11120, FP, CRC32, SHA1, SHA256, AES+PMULL, NEON, rounding, NaN propagation, denormals, 32x64bitRegs, Fused Multiply-Add
cpufreqdt3 at cpu3
gic0 at simplebus1: GIC
armgic0 at gic0: Generic Interrupt Controller, 224 sources (215 valid)
armgic0: 16 Priorities, 192 SPIs, 7 PPIs, 16 SGIs
sunxisramc0 at simplebus1: SRAM Controller
sunxisramc0: area: SRAM C
fclock0 at simplebus0: 24000000 Hz fixed clock (osc24M)
fclock1 at simplebus0: 32768 Hz fixed clock (ext-osc32k)
sun50ia64ccu0 at simplebus1: A64 CCU
sunxinmi0 at simplebus1: R_INTC, NMI IRQ 32
sun50ia64rccu0 at simplebus1: A64 PRCM CCU
gtmr0 at simplebus0: Generic Timer
gtmr0: interrupting on GIC irq 27
armgtmr0 at gtmr0: Generic Timer (24000 kHz, virtual)
timecounter: Timecounter "armgtmr0" frequency 24000000 Hz quality 500
sunxigpio0 at simplebus1: PIO
gpio0 at sunxigpio0: 103 pins
sunxigpio0: interrupting on GIC irq 43
sunxigpio1 at simplebus1: PIO
gpio1 at sunxigpio1: 13 pins
sunxigpio1: interrupting on GIC irq 77
sunxipwm0 at simplebus1: PWM
sunxide2bus0 at simplebus1: DE2 Bus
sunxirsb0 at simplebus1: RSB
sunxirsb0: interrupting on GIC irq 71
iic0 at sunxirsb0: I2C bus
axppmic0 at iic0 addr 0x3a3: AXP803
axpreg0 at axppmic0: vcc-hdmi
axpreg1 at axppmic0: vcc-edp
axpreg2 at axppmic0: dldo3
axpreg3 at axppmic0: vcc-wifi
axpreg4 at axppmic0: cpvdd
axpreg5 at axppmic0: eldo2
axpreg6 at axppmic0: eldo3
axpreg7 at axppmic0: vcc-1v2-hsic
axpreg8 at axppmic0: vdd-cpus
axpreg9 at axppmic0: vcc-3v3
axpreg10 at axppmic0: vdd-cpux
axpreg11 at axppmic0: dcdc3
axpreg12 at axppmic0: dcdc4
axpreg13 at axppmic0: vcc-dram
axpreg14 at axppmic0: vdd-sys
axpreg15 at axppmic0: vcc-pe
axpreg16 at axppmic0: vcc-pl
axpreg17 at axppmic0: vcc-pll-avcc
fregulator0 at simplebus0: vcc5v0
sunxirtc0 at simplebus1: RTC
sun6idma0 at simplebus1: DMA controller (8 channels)
sun6idma0: interrupting on GIC irq 82
sunxisid0 at simplebus1: Security ID EFUSE
fregulator1 at simplebus0: vbklt
com0 at simplebus1: DesignWare APB UART, 64-byte FIFO
com0: console
com0: interrupting on GIC irq 32
com1 at simplebus1: DesignWare APB UART, 64-byte FIFO
com1: interrupting on GIC irq 33
sunxide2ccu0 at sunxide2bus0: DE2 CCU
mmcpwrseq0 at simplebus0: Simple MMC power sequence provider
sunxidrm0 at simplebus0: Display Engine Pipeline
sunxiusbphy0 at simplebus1: USB PHY
sunxihdmiphy0 at simplebus1: HDMI PHY
/opp_table0 at simplebus0 not configured
sunximixer0 at sunxide2bus0: Display Engine Mixer
sunximixer1 at sunxide2bus0: Display Engine Mixer
a64acodec0 at simplebus1: A64 Audio Codec (analog part)
simpleamp0 at simplebus0: Simple Amplifier
ausoc0 at simplebus0: sun50i-a64-audio
sunxii2s0 at simplebus1: Audio Codec (digital part)
sun8icodec0 at simplebus1: Audio Codec
sun8icodec0: interrupting on GIC irq 60
sunxithermal0 at simplebus1: Thermal sensor controller
sunxithermal0: interrupting on GIC irq 63
sunxithermal0: cpu: alarm 85C hyst 58C shut 106C
sunxithermal0: gpu1: alarm 85C hyst 58C shut 106C
sunxithermal0: gpu2: alarm 85C hyst 58C shut 106C
sunxilcdc0 at simplebus1: TCON0
sunxilcdc0: interrupting on GIC irq 118
sunxilcdc1 at simplebus1: TCON1
sunxilcdc1: interrupting on GIC irq 119
sunxitwi0 at simplebus1: Marvell TWSI controller
sunxitwi0: interrupting on GIC irq 76
iic1 at sunxitwi0: I2C bus
anxedp0 at iic1 addr 0x38: eDP TX
/soc/dram-controller@1c62000 at simplebus1 not configured
/panel-edp at simplebus0 not configured
pwmbacklight0 at simplebus0: PWM Backlight, 0-100 (11 steps)
sunxii2s1 at simplebus1: I2S/PCM controller
/soc/bus@1000000/rotate@20000 at sunxide2bus0 not configured
sunximmc0 at simplebus1: SD/MMC controller
sunximmc0: interrupting on GIC irq 92
sunximmc1 at simplebus1: SD/MMC controller
sunximmc1: interrupting on GIC irq 93
sunximmc2 at simplebus1: SD/MMC controller
sunximmc2: interrupting on GIC irq 94
sun8icrypto0 at simplebus1: Crypto Engine
sun8icrypto0: interrupting on GIC irq 126
sun8icrypto0: AES-128 self-test initiated
sun8icrypto0: AES-128 self-test passed
/soc/mailbox@1c17000 at simplebus1 not configured
ehci0 at simplebus1: EHCI
ehci0: interrupting on GIC irq 104
ehci0: EHCI version 1.0
ehci0: 1 companion controller, 1 port
ehci0: Using DMA subregion for control data structures
usb0 at ehci0: USB revision 2.0
ohci0 at simplebus1: OHCI
ohci0: interrupting on GIC irq 105
ohci0: OHCI version 1.0
usb1 at ohci0: USB revision 1.0
ehci1 at simplebus1: EHCI
ehci1: interrupting on GIC irq 106
ehci1: EHCI version 1.0
ehci1: 1 companion controller, 1 port
ehci1: Using DMA subregion for control data structures
usb2 at ehci1: USB revision 2.0
ohci1 at simplebus1: OHCI
ohci1: interrupting on GIC irq 107
ohci1: OHCI version 1.0
usb3 at ohci1: USB revision 1.0
sunxiwdt0 at simplebus1: Watchdog
sunxiwdt0: default watchdog period is 16 seconds
/soc/gpu@1c40000 at simplebus1 not configured
/soc/deinterlace@1e00000 at simplebus1 not configured
ausoc1 at simplebus0: hdmi-audio
armpmu0 at simplebus0: Performance Monitor Unit
gpiokeys0 at simplebus0: Lid Switch
/soc/video-codec@1c0e000 at simplebus1 not configured
/soc/timer@1c20c00 at simplebus1 not configured
sunxidrm0: autoconfiguration error: failed to activate endpoint: 19
sunxidrm0: reserved 39 MB DRAM for CMA (7 MB reclaimed from bootloader)
sunxifb0 at sunxidrm0
[drm] Supports vblank timestamp caching Rev 2 (21.10.2013).
[drm] No driver support for vblank timestamp query.
[drm] Initialized sunxi 1.0.0 20190123 for sunxidrm0 on minor 0
sunxidrm0: initialized sunxi 1.0.0 20190123 on minor 0
sunxifb0: framebuffer at 0xbe000000, size 1920x1080, depth 32, stride 7680
wsdisplay0 at sunxifb0 kbdmux 1: console (default, vt100 emulation)
wsmux1: connecting to wsdisplay0
wsdisplay0: screen 1-3 added (default, vt100 emulation)
ausoc0: codec: sun8icodec0, cpu: sunxii2s0, aux: a64acodec0 simpleamp0
audio0 at ausoc0: playback, capture, full duplex
audio0: slinear_le:16 2ch 48000Hz, blk 1920 bytes (10ms) for playback
audio0: slinear_le:16 2ch 48000Hz, blk 1920 bytes (10ms) for recording
spkr0 at audio0: PC Speaker (synthesized)
wsbell at spkr0 not configured
ausoc1: autoconfiguration error: couldn't acquire codec dai on sound-hdmi node
timecounter: Timecounter "clockinterrupt" frequency 100 Hz quality 0
cpufreqdt0: rate: 1152.000 MHz, 1300000 uV
sdmmc0 at sunximmc0
sdmmc1 at sunximmc1
sdmmc2 at sunximmc2
armpmu0: interrupting on GIC irq 148
armpmu0: interrupting on GIC irq 149
armpmu0: interrupting on GIC irq 150
armpmu0: interrupting on GIC irq 151
uhub0 at usb1: NetBSD (0x0000) OHCI root hub (0x0000), class 9/0, rev 1.00/1.00, addr 1
uhub0: 1 port with 1 removable, self powered
uhub1 at usb3: NetBSD (0x0000) OHCI root hub (0x0000), class 9/0, rev 1.00/1.00, addr 1
uhub1: 1 port with 1 removable, self powered
uhub2 at usb0: NetBSD (0x0000) EHCI root hub (0x0000), class 9/0, rev 2.00/1.00, addr 1
uhub2: 1 port with 1 removable, self powered
uhub3 at usb2: NetBSD (0x0000) EHCI root hub (0x0000), class 9/0, rev 2.00/1.00, addr 1
uhub3: 1 port with 1 removable, self powered
Lid Switch: lid opened.
WARNING: system needs entropy for security; see entropy(7)
IPsec: Initialized Security Association Processing.
sdmmc1: 4-bit width, 50.000 MHz
(manufacturer 0x24c, product 0xb703, standard function interface code 0x7) at sdmmc1 function 1 not configured
sdmmc0: SD card status: 4-bit, C10, U1
ld0 at sdmmc0: <0x74:0x4a60:USDU1:0x20:0x62302b67:0x107>
ld0: 60927 MB, 7767 cyl, 255 head, 63 sec, 512 bytes/sect x 124778496 sectors
ld0: 4-bit width, High-Speed/SDR25, 50.000 MHz
sdmmc2: autoconfiguration error: switch error
ld2 at sdmmc2: <0x45:0x0100:DA4064:0x00:0xdb1fd106:0x000>
ld2: 59640 MB, 7603 cyl, 255 head, 63 sec, 512 bytes/sect x 122142720 sectors
ld2: 8-bit width, 4096 KB cache, 52.000 MHz
uhub4 at uhub3 port 1: vendor 05e3 (0x05e3) USB2.0 Hub (0x0608), class 9/0, rev 2.00/88.32, addr 2
uhub4: single transaction translator
uhub4: 4 ports with 1 removable, self powered
umass0 at uhub2 port 1 configuration 1 interface 0
umass0: StoreJet Transcend (0x174c) StoreJet Transcend (0x5106), rev 2.10/80.00, addr 2
umass0: using SCSI over Bulk-Only
scsibus0 at umass0: 2 targets, 1 lun per target
sd0 at scsibus0 target 0 lun 0: <StoreJet, Transcend, 0> disk fixed
sd0: 223 GB, 16383 cyl, 16 head, 63 sec, 512 bytes/sect x 468862128 sectors
uhidev0 at uhub4 port 1 configuration 1 interface 0
uhidev0: HAILUCK CO.,LTD (0x258a) USB KEYBOARD (0x000c), rev 1.10/1.00, addr 3, iclass 3/1
ukbd0 at uhidev0
wskbd0 at ukbd0: console keyboard, using wsdisplay0
uhidev1 at uhub4 port 1 configuration 1 interface 1
uhidev1: HAILUCK CO.,LTD (0x258a) USB KEYBOARD (0x000c), rev 1.10/1.00, addr 3, iclass 3/0
uhidev1: 9 report ids
ums0 at uhidev1 reportid 1: 5 buttons, W and Z dirs
wsmouse0 at ums0 mux 0
uhid0 at uhidev1 reportid 2: input=1, output=0, feature=0
uhid1 at uhidev1 reportid 3: input=3, output=0, feature=0
uhid2 at uhidev1 reportid 5: input=0, output=0, feature=5
uhid3 at uhidev1 reportid 6: input=0, output=0, feature=1039
uhid4 at uhidev1 reportid 9: input=1, output=0, feature=0
urtwn0 at uhub4 port 2
urtwn0: I-O DATA DEVICE, INC. (0x04bb) WN-G150UM (0x094c), rev 2.00/2.00, addr 4
urtwn0: MAC/BB RTL8188CUS, RF 6052 1T1R, address 34:76:c5:b3:9c:b6
urtwn0: 1 rx pipe, 2 tx pipes
uvideo0 at uhub4 port 3 configuration 1 interface 0: Generic (0x1908) USB2.0 PC CAMERA (0x2311), rev 2.00/1.00, addr 5
video0 at uvideo0: Generic (0x1908) USB2.0 PC CAMERA (0x2311), rev 2.00/1.00, addr 5
swwdog0: software watchdog initialized
WARNING: 3 errors while detecting hardware; check system log.
boot device: ld2
root on ld2a dumps on ld2b
root file system type: ffs
kern.module.path=/stand/evbarm/10.99.1/modules
entropy: ready
wsdisplay0: screen 4 added (default, vt100 emulation)
axppmic0: normal capacity on 'charge state'
sd0: detached
scsibus0: detached
umass0: detached
umass0: at uhub2 port 1 (addr 2) disconnected
