pool redzone disabled for 'kmem-04096'
Copyright (c) 1996, 1997, 1998, 1999, 2000, 2001, 2002, 2003, 2004, 2005,
    2006, 2007, 2008, 2009, 2010, 2011, 2012, 2013, 2014, 2015, 2016, 2017,
    2018, 2019, 2020 The NetBSD Foundation, Inc.  All rights reserved.
Copyright (c) 1982, 1986, 1989, 1991, 1993
    The Regents of the University of California.  All rights reserved.

NetBSD 9.99.45 (GENERIC64) #0: Thu Feb  6 08:45:44 UTC 2020
	mkrepro@mkrepro.NetBSD.org:/usr/src/sys/arch/evbarm/compile/GENERIC64
total memory = 3951 MB
avail memory = 3817 MB
pool redzone disabled for 'buf4k'
pool redzone disabled for 'buf64k'
timecounter: Timecounters tick every 10.000 msec
armfdt0 (root)
simplebus0 at armfdt0: Pine64 Pinebook Pro
cpus0 at simplebus0
simplebus1 at simplebus0
psci0 at simplebus0: PSCI 1.1
simplebus2 at simplebus0
cpu0 at cpus0: Cortex-A53 r0p4 (Cortex V8-A core)
cpu0: package 0, core 0, smt 0
cpu0: IC enabled, DC enabled, EL0/EL1 stack Alignment check enabled
cpu0: Cache Writeback Granule 16B, Exclusives Reservation Granule 16B
cpu0: Dcache line 64, Icache line 64
cpu0: L1 32KB/64B 2-way read-allocate VIPT Instruction cache
cpu0: L1 32KB/64B 4-way write-back read-allocate write-allocate PIPT Data cache
cpu0: L2 512KB/64B 16-way write-back read-allocate write-allocate PIPT Unified cache
cpu0: revID=0x180, PMCv3, 4k table, 64k table, 16bit ASID
cpu0: auxID=0x11120, GICv3, FP, CRC32, SHA1, SHA256, AES+PMULL, NEON, rounding, NaN propagation, denormals, 32x64bitRegs, Fused Multiply-Add
cpufreqdt0 at cpu0
cpu1 at cpus0: Cortex-A53 r0p4 (Cortex V8-A core)
cpu1: package 0, core 1, smt 0
cpufreqdt1 at cpu1
cpu2 at cpus0: Cortex-A53 r0p4 (Cortex V8-A core)
cpu2: package 0, core 2, smt 0
cpufreqdt2 at cpu2
cpu3 at cpus0: Cortex-A53 r0p4 (Cortex V8-A core)
cpu3: package 0, core 3, smt 0
cpufreqdt3 at cpu3
cpu4 at cpus0: Cortex-A72 r0p2 (Cortex V8-A core)
cpu4: package 1, core 0, smt 0
cpufreqdt4 at cpu4
cpu5 at cpus0: Cortex-A72 r0p2 (Cortex V8-A core)
cpu5: package 1, core 1, smt 0
cpufreqdt5 at cpu5
gicvthree0 at simplebus0: GICv3
gicvthree0: 5 pmr bits, 5 ipriority bits
gicvthree0: priority shift 4, pmr shift 4
gicvthree0: ITS [#0] Devices table @ 0x88a1000/0x80000, Non-cacheable, Non-shareable
gicvthree0: ITS @ 0xfee20000
syscon0 at simplebus0: System Controller Registers
syscon1 at simplebus0: System Controller Registers
syscon2 at simplebus0: System Controller Registers
syscon3 at simplebus0: System Controller Registers
syscon4 at simplebus0: System Controller Registers
syscon5 at simplebus0: System Controller Registers
syscon6 at simplebus0: System Controller Registers
syscon7 at simplebus0: System Controller Registers
syscon8 at simplebus0: System Controller Registers
syscon9 at simplebus0: System Controller Registers
syscon10 at simplebus0: System Controller Registers
syscon11 at simplebus0: System Controller Registers
syscon12 at simplebus0: System Controller Registers
syscon13 at simplebus0: System Controller Registers
syscon14 at simplebus0: System Controller Registers
syscon15 at simplebus0: System Controller Registers
syscon16 at simplebus0: System Controller Registers
syscon17 at simplebus0: System Controller Registers
syscon18 at simplebus0: System Controller Registers
syscon19 at simplebus0: System Controller Registers
syscon20 at simplebus0: System Controller Registers
syscon21 at simplebus0: System Controller Registers
syscon22 at simplebus0: System Controller Registers
syscon23 at simplebus0: System Controller Registers
fclock0 at simplebus0: 24000000 Hz fixed clock (xin24m)
syscon24 at simplebus0: System Controller Registers
syscon25 at simplebus0: System Controller Registers
syscon26 at simplebus0: System Controller Registers
syscon27 at simplebus0: System Controller Registers
gtmr0 at simplebus0: Generic Timer
gtmr0: interrupting on GICv3 irq 27
armgtmr0 at gtmr0: Generic Timer (24000 kHz, virtual)
timecounter: Timecounter "armgtmr0" frequency 24000000 Hz quality 500
rkcru0 at simplebus0: RK3399 CRU
rkcru1 at simplebus0: RK3399 PMU CRU
rkiomux0 at simplebus0: RK3399 IOMUX control
rkgpio0 at rkiomux0: GPIO (gpio0@ff720000)
gpio0 at rkgpio0: 32 pins
rkgpio1 at rkiomux0: GPIO (gpio1@ff730000)
gpio1 at rkgpio1: 32 pins
rkgpio2 at rkiomux0: GPIO (gpio2@ff780000)
gpio2 at rkgpio2: 32 pins
rkgpio3 at rkiomux0: GPIO (gpio3@ff788000)
gpio3 at rkgpio3: 32 pins
rkgpio4 at rkiomux0: GPIO (gpio4@ff790000)
gpio4 at rkgpio4: 32 pins
rkpwm0 at simplebus0: PWM
rkpwm1 at simplebus0: PWM
rkiic0 at simplebus0: Rockchip I2C (400000 Hz)
iic0 at rkiic0: I2C bus
rkpmic0 at iic0 addr 0x1b: RK808 Power Management and Real Time Clock IC
rkreg0 at rkpmic0: vdd_center
rkreg1 at rkpmic0: vdd_cpu_l
rkreg2 at rkpmic0: vcc_ddr
rkreg3 at rkpmic0: vcc_1v8
rkreg4 at rkpmic0: vcc1v8_dvp
rkreg5 at rkpmic0: vcc3v0_touch
rkreg6 at rkpmic0: vcc1v8_pmu
rkreg7 at rkpmic0: vcc_sdio
rkreg8 at rkpmic0: vcca3v0_codec
rkreg9 at rkpmic0: vcc_1v5
rkreg10 at rkpmic0: vcca1v8_codec
rkreg11 at rkpmic0: vcc_3v0
rkreg12 at rkpmic0: vcc3v3_s3
rkreg13 at rkpmic0: vcc3v3_s0
fan53555reg0 at iic0 addr 0x40: Silergy SYR82X
fan53555reg1 at iic0 addr 0x41: Silergy SYR82X
fregulator0 at simplebus0: vcc3v3_pcie
rkiic1 at simplebus0: Rockchip I2C (100000 Hz)
iic1 at rkiic1: I2C bus
fusb30x at iic1 addr 0x22 not configured
cwfg0 at iic1 addr 0x62: CellWise CW2015 Fuel Gauge IC (ver. 0x70)
fregulator1 at simplebus0: vcc1v8_s3
fregulator2 at simplebus0: vcc3v3_sys
fregulator3 at simplebus0: vcc_sys
fregulator4 at simplebus0: vcc5v0_typec
fregulator5 at simplebus0: vcc5v0_host
rkiic2 at simplebus0: Rockchip I2C (100000 Hz)
iic2 at rkiic2: I2C bus
rkiic3 at simplebus0: Rockchip I2C (100000 Hz)
iic3 at rkiic3: I2C bus
es8316ac0 at iic3 addr 0x11: Everest Semi ES8316 Audio CODEC
fregulator6 at simplebus0: dc_12v
com0 at simplebus0: ns16550a, working fifo
com0: interrupting on GICv3 irq 131
com1 at simplebus0: ns16550a, working fifo
com1: console
com1: interrupting on GICv3 irq 132
fregulator7 at simplebus0: vcc_lcd_en
fregulator8 at simplebus0: vcc_phy
mmcpwrseq0 at simplebus0: Simple MMC power sequence provider
rkdrm0 at simplebus0
rkpciephy0 at syscon0: RK3399 PCIe PHY
rkusb0 at syscon0: USB2 PHY
rkusbphy0 at rkusb0: USB2 host port
rkusbphy1 at rkusb0: USB2 OTG port
rkusb1 at syscon0: USB2 PHY
rkusbphy2 at rkusb1: USB2 host port
rkusbphy3 at rkusb1: USB2 OTG port
/opp-table0 at simplebus0 not configured
/opp-table1 at simplebus0 not configured
rkvop0 at simplebus0: RK3399 VOPL
rkvop1 at simplebus0: RK3399 VOPB
rkpcie0 at simplebus0: RK3399 PCIe
rkpcie0: link training timeout (link_st 0)
rkpcie0: link training timeout (link_st 0)
/power-management@ff310000/power-controller at syscon1 not configured
rkemmcphy0 at syscon0: eMMC PHY
/phy@ff7c0000 at simplebus0 not configured
/phy@ff800000 at simplebus0 not configured
/amba/dma-controller@ff6e0000 at simplebus1 not configured
/amba/dma-controller@ff6d0000 at simplebus1 not configured
rktsadc0 at simplebus0: RK3328/3399 Temperature Sensor ADC
rktsadc0: interrupting on GICv3 irq 129
/dc-charger at simplebus0 not configured
/iommu@ff650800 at simplebus0 not configured
sdhc0 at simplebus0: Arasan SDHCI controller
sdhc0: interrupting on GICv3 irq 43
sdhc0: SDHC 3.0, rev 16, 32-bit ADMA2, 200000 kHz, embedded slot, HS SDR50 DDR50 SDR104 HS200 1.8V, re-tuning mode 1, 1024 byte blocks
sdmmc0 at sdhc0 slot 0
/iommu@ff8f3f00 at simplebus0 not configured
anxdp0 at simplebus0: eDP TX
/dp@fec00000 at simplebus0 not configured
/iommu@ff903f00 at simplebus0 not configured
panel0 at simplebus0: panel
/opp-table2 at simplebus0 not configured
pwmbacklight0 at simplebus0: PWM Backlight, 0-255 (256 steps)
simpleamp0 at simplebus0: Simple Amplifier
rki2s0 at simplebus0: I2S/PCM controller
rki2s0: interrupting on GICv3 irq 72
dwcmmc0 at simplebus0: DesignWare SD/MMC
dwcmmc0: interrupting on GICv3 irq 96
dwcmmc1 at simplebus0: DesignWare SD/MMC
dwcmmc1: interrupting on GICv3 irq 97
ehci0 at simplebus0: EHCI
ehci0: interrupting on GICv3 irq 58
ehci0: EHCI version 1.0
ehci0: 1 companion controller, 1 port
usb0 at ehci0: USB revision 2.0
ohci0 at simplebus0: OHCI
ohci0: interrupting on GICv3 irq 60
ohci0: OHCI version 1.0
usb1 at ohci0: USB revision 1.0
ehci1 at simplebus0: EHCI
ehci1: interrupting on GICv3 irq 62
ehci1: EHCI version 1.0
ehci1: 1 companion controller, 1 port
usb2 at ehci1: USB revision 2.0
ohci1 at simplebus0: OHCI
ohci1: interrupting on GICv3 irq 64
ohci1: OHCI version 1.0
usb3 at ohci1: USB revision 1.0
xhci0 at simplebus0: DesignWare USB3 XHCI (rev. 3.00a)
xhci0: interrupting on GICv3 irq 137
xhci0: xHCI version 1.10
usb4 at xhci0: USB revision 3.0
usb5 at xhci0: USB revision 2.0
xhci1 at simplebus0: DesignWare USB3 XHCI (rev. 3.00a)
xhci1: interrupting on GICv3 irq 142
xhci1: xHCI version 1.10
usb6 at xhci1: USB revision 3.0
usb7 at xhci1: USB revision 2.0
/saradc@ff100000 at simplebus0 not configured
/syscon@ff320000/io-domains at syscon23 not configured
/video-codec@ff650000 at simplebus0 not configured
/rga@ff680000 at simplebus0 not configured
/efuse@ff690000 at simplebus0 not configured
/syscon@ff770000/io-domains at syscon0 not configured
/rktimer@ff850000 at simplebus0 not configured
/iommu@ff914000 at simplebus0 not configured
/iommu@ff924000 at simplebus0 not configured
ausoc0 at simplebus0: hdmi-sound
/gpu@ff9a0000 at simplebus0 not configured
/vdd-log at simplebus0 not configured
/usb-charger at simplebus0 not configured
armpmu0 at simplebus0: Performance Monitor Unit
armpmu1 at simplebus0: Performance Monitor Unit
dwcwdt0 at simplebus0: DesignWare Watchdog Timer
dwcwdt0: default watchdog period is 15 seconds
gpioleds0 at simplebus0: green:disk-activity red:standby
gpiokeys0 at simplebus0: Power, Lid
/wireless-wlan at simplebus0 not configured
ausoc1 at simplebus0: rockchip,es8316-codec
rkdrm0: reserved 40 MB DRAM for CMA
rkfb0 at rkdrm0
rkfb0: framebuffer at 0xffffffc061200000, size 1920x1080, depth 32, stride 7680
wsdisplay0 at rkfb0 kbdmux 1: console (default, vt100 emulation)
wsmux1: connecting to wsdisplay0
wsdisplay0: screen 1-3 added (default, vt100 emulation)
kern info: [drm] Supports vblank timestamp caching Rev 2 (21.10.2013).
kern info: [drm] No driver support for vblank timestamp query.
rkdrm0: initialized rk 1.0.0 20191109 on minor 0
ausoc0: autoconfiguration error: couldn't acquire cpu dai on hdmi-sound node
ausoc1: codec: es8316ac0, cpu: rki2s0, aux: simpleamp0
audio0 at ausoc1: playback, capture, full duplex
audio0: slinear_le:16 -> slinear_le:16 2ch 48000Hz, blk 4ms for playback
audio0: slinear_le:16 2ch 48000Hz, blk 4ms for recording
spkr0 at audio0: PC Speaker (synthesized)
wsbell at spkr0 not configured
timecounter: Timecounter "clockinterrupt" frequency 100 Hz quality 0
cpu5: IC enabled, DC enabled, EL0/EL1 stack Alignment check enabled
cpu5: Cache Writeback Granule 16B, Exclusives Reservation Granule 16B
cpu5: Dcache line 64, Icache line 64
cpu5: L1 48KB/64B 3-way read-allocate PIPT Instruction cache
cpu5: L1 32KB/64B 2-way write-back read-allocate write-allocate PIPT Data cache
cpu5: L2 1024KB/64B 16-way write-back read-allocate write-allocate PIPT Unified cache
cpu5: revID=0x4, PMCv3, 4k table, 64k table, 16bit ASID
cpu5: auxID=0x11120, GICv3, FP, CRC32, SHA1, SHA256, AES+PMULL, NEON, rounding, NaN propagation, denormals, 32x64bitRegs, Fused Multiply-Add
cpu4: IC enabled, DC enabled, EL0/EL1 stack Alignment check enabled
cpu4: Cache Writeback Granule 16B, Exclusives Reservation Granule 16B
cpu4: Dcache line 64, Icache line 64
cpu4: L1 48KB/64B 3-way read-allocate PIPT Instruction cache
cpu4: L1 32KB/64B 2-way write-back read-allocate write-allocate PIPT Data cache
cpu4: L2 1024KB/64B 16-way write-back read-allocate write-allocate PIPT Unified cache
cpu4: revID=0x4, PMCv3, 4k table, 64k table, 16bit ASID
cpu4: auxID=0x11120, GICv3, FP, CRC32, SHA1, SHA256, AES+PMULL, NEON, rounding, NaN propagation, denormals, 32x64bitRegs, Fused Multiply-Add
cpu3: IC enabled, DC enabled, EL0/EL1 stack Alignment check enabled
cpu3: Cache Writeback Granule 16B, Exclusives Reservation Granule 16B
cpu3: Dcache line 64, Icache line 64
cpu3: L1 32KB/64B 2-way read-allocate VIPT Instruction cache
cpu3: L1 32KB/64B 4-way write-back read-allocate write-allocate PIPT Data cache
cpu3: L2 512KB/64B 16-way write-back read-allocate write-allocate PIPT Unified cache
cpu3: revID=0x180, PMCv3, 4k table, 64k table, 16bit ASID
cpu3: auxID=0x11120, GICv3, FP, CRC32, SHA1, SHA256, AES+PMULL, NEON, rounding, NaN propagation, denormals, 32x64bitRegs, Fused Multiply-Add
cpu1: IC enabled, DC enabled, EL0/EL1 stack Alignment check enabled
cpu1: Cache Writeback Granule 16B, Exclusives Reservation Granule 16B
cpu1: Dcache line 64, Icache line 64
cpu1: L1 32KB/64B 2-way read-allocate VIPT Instruction cache
cpu1: L1 32KB/64B 4-way write-back read-allocate write-allocate PIPT Data cache
cpu1: L2 512KB/64B 16-way write-back read-allocate write-allocate PIPT Unified cache
cpu1: revID=0x180, PMCv3, 4k table, 64k table, 16bit ASID
cpu1: auxID=0x11120, GICv3, FP, CRC32, SHA1, SHA256, AES+PMULL, NEON, rounding, NaN propagation, denormals, 32x64bitRegs, Fused Multiply-Add
cpu2: IC enabled, DC enabled, EL0/EL1 stack Alignment check enabled
cpu2: Cache Writeback Granule 16B, Exclusives Reservation Granule 16B
cpu2: Dcache line 64, Icache line 64
cpu2: L1 32KB/64B 2-way read-allocate VIPT Instruction cache
cpu2: L1 32KB/64B 4-way write-back read-allocate write-allocate PIPT Data cache
cpu2: L2 512KB/64B 16-way write-back read-allocate write-allocate PIPT Unified cache
cpu2: revID=0x180, PMCv3, 4k table, 64k table, 16bit ASID
cpu2: auxID=0x11120, GICv3, FP, CRC32, SHA1, SHA256, AES+PMULL, NEON, rounding, NaN propagation, denormals, 32x64bitRegs, Fused Multiply-Add
cpufreqdt0: 1416.000 MHz, 1125000 uV
cpufreqdt0: 1200.000 MHz, 1000000 uV
cpufreqdt0: 1008.000 MHz, 925000 uV
cpufreqdt0: 816.000 MHz, 850000 uV
cpufreqdt0: 600.000 MHz, 800000 uV
cpufreqdt0: 408.000 MHz, 800000 uV
cpufreqdt4: 2000.000 MHz, 1300000 uV
cpufreqdt4: 1800.000 MHz, 1200000 uV
cpufreqdt4: 1608.000 MHz, 1100000 uV
cpufreqdt4: 1416.000 MHz, 1025000 uV
cpufreqdt4: 1200.000 MHz, 950000 uV
cpufreqdt4: 1008.000 MHz, 875000 uV
cpufreqdt4: 816.000 MHz, 825000 uV
cpufreqdt4: 600.000 MHz, 800000 uV
cpufreqdt4: 408.000 MHz, 800000 uV
sdmmc1 at dwcmmc1Lid: lid opened.

uhub0 at usb4: NetBSD (0000) xHCI root hub (0000), class 9/0, rev 3.00/1.00, addr 0
uhub0: 1 port with 1 removable, self powered
uhub1 at usb1: NetBSD (0000) OHCI root hub (0000), class 9/0, rev 1.00/1.00, addr 1
uhub1: 1 port with 1 removable, self powered
uhub2 at usb2: NetBSD (0000) EHCI root hub (0000), class 9/0, rev 2.00/1.00, addr 1
uhub2: 1 port with 1 removable, self powered
uhub3 at usb3: NetBSD (0000) OHCI root hub (0000), class 9/0, rev 1.00/1.00, addr 1
uhub3: 1 port with 1 removable, self powered
uhub4 at usb5: NetBSD (0000) xHCI root hub (0000), class 9/0, rev 2.00/1.00, addr 0
uhub4: 1 port with 1 removable, self powered
uhub5 at usb0: NetBSD (0000) EHCI root hub (0000), class 9/0, rev 2.00/1.00, addr 1
uhub5: 1 port with 1 removable, self powered
sdmmc2 at dwcmmc0
uhub6 at usb6: NetBSD (0000) xHCI root hub (0000), class 9/0, rev 3.00/1.00, addr 0
uhub6: 1 port with 1 removable, self powered
uhub7 at usb7: NetBSD (0000) xHCI root hub (0000), class 9/0, rev 2.00/1.00, addr 0
uhub7: 1 port with 1 removable, self powered
IPsec: Initialized Security Association Processing.
sdmmc0: sdmmc_mem_enable failed with error 60
sdmmc0: autoconfiguration error: couldn't enable card: 60
armpmu0: interrupting on GICv3 irq 23
armpmu1: interrupting on GICv3 irq 23
sdmmc1: SD card status: 4-bit, C10
ld1 at sdmmc1: <0x03:0x5344:SB128:0x80:0xb71d14aa:0x13b>
ld1: 119 GB, 15545 cyl, 255 head, 63 sec, 512 bytes/sect x 249737216 sectors
ld1: 4-bit width, High-Speed/SDR25, 50.000 MHz
sdmmc0: sdmmc_mem_enable failed with error 60
sdmmc0: autoconfiguration error: couldn't enable card: 60
sdmmc2: 4-bit width, 50.000 MHz
sdmmc2: SDIO function
bwfm0 at sdmmc2 function 1
(manufacturer 0x2d0, product 0xa9bf) at sdmmc2 function 2 not configured
(manufacturer 0x2d0, product 0xa9bf, standard function interface code 0x2) at sdmmc2 function 3 not configured
ehci0: handing over low speed device on port 1 to companion controller
uhub8 at uhub2 port 1: vendor 05e3 (0x5e3) USB2.0 Hub (0x608), class 9/0, rev 2.00/85.36, addr 2
uhub8: single transaction translator
uhub8: 4 ports with 4 removable, self powered
uhidev0 at uhub1 port 1 configuration 1 interface 0
uhidev0: HAILUCK CO.,LTD (0x258a) USB KEYBOARD (0x1e), rev 1.10/1.00, addr 2, iclass 3/1
ukbd0 at uhidev0: 8 Variable keys, 6 Array codes
wskbd0 at ukbd0: console keyboard, using wsdisplay0
uhidev1 at uhub1 port 1 configuration 1 interface 1
uhidev1: HAILUCK CO.,LTD (0x258a) USB KEYBOARD (0x1e), rev 1.10/1.00, addr 2, iclass 3/0
uhidev1: 35 report ids
ums0 at uhidev1 reportid 1: 3 buttons
wsmouse0 at ums0 mux 0
uhid0 at uhidev1 reportid 2: input=1, output=0, feature=0
uhid1 at uhidev1 reportid 3: input=3, output=0, feature=0
uhid2 at uhidev1 reportid 5: input=0, output=0, feature=5
uhid3 at uhidev1 reportid 6: input=0, output=0, feature=1039
uhid4 at uhidev1 reportid 9: input=1, output=0, feature=0
uhid5 at uhidev1 reportid 30: input=7, output=0, feature=0
uhid6 at uhidev1 reportid 31: input=0, output=0, feature=1
uhid7 at uhidev1 reportid 32: input=0, output=0, feature=256
uhid8 at uhidev1 reportid 34: input=0, output=0, feature=1
uhid9 at uhidev1 reportid 35: input=0, output=0, feature=1
uvideo0 at uhub8 port 2 configuration 1 interface 0: Sonix Technology Co., Ltd. (0xc45) USB Camera (0x6321), rev 2.00/0.00, addr 3
video0 at uvideo0pool redzone disabled for 'video'
: Sonix Technology Co., Ltd. (0xc45) USB Camera (0x6321), rev 2.00/0.00, addr 3
WARNING: 3 errors while detecting hardware; check system log.
boot device: ld1
root on ld1a dumps on ld1b
root file system type: ffs
kern.module.path=/stand/evbarm/9.99.45/modules
bwfm0: Firmware       brcmfmac43456-sdio.bin
bwfm0: Default Config brcmfmac43456-sdio.txt
bwfm0: Model Config   brcmfmac43456-sdio.pine64,pinebook-pro.txt
WARNING: clock lost 182 days
WARNING: using filesystem time
WARNING: CHECK AND RESET THE DATE!
bwfm0: failed firmware_open of file brcmfmac43456-sdio.bin
wsdisplay0: screen 4 added (default, vt100 emulation)
