Copyright (c) 1996, 1997, 1998, 1999, 2000, 2001, 2002, 2003, 2004, 2005,
    2006, 2007, 2008, 2009, 2010, 2011, 2012, 2013, 2014, 2015, 2016, 2017
    The NetBSD Foundation, Inc.  All rights reserved.
Copyright (c) 1982, 1986, 1989, 1991, 1993
    The Regents of the University of California.  All rights reserved.

NetBSD 8.99.2 (SUNXI) #0: Tue Aug 29 04:37:06 UTC 2017
	mkrepro@mkrepro.NetBSD.org:/usr/src/sys/arch/evbarm/compile/SUNXI
total memory = 512 MB
avail memory = 499 MB
sysctl_createv: sysctl_create(machine_arch) returned 17
timecounter: Timecounters tick every 10.000 msec
armfdt0 (root)
fdt0 at armfdt0: FriendlyARM NanoPi NEO
fdt1 at fdt0
fdt2 at fdt0
fdt3 at fdt0
cpus0 at fdt0
cpu0 at cpus0: Cortex-A7 r0p5 (Cortex V7A core)
cpu0: DC enabled IC enabled WB disabled EABT branch prediction enabled
cpu0: 32KB/32B 2-way L1 VIPT Instruction cache
cpu0: 32KB/64B 4-way write-back-locking-C L1 PIPT Data cache
cpu0: 512KB/64B 8-way write-through L2 PIPT Unified cache
vfp0 at cpu0: NEON MPE (VFP 3.0+), rounding, NaN propagation, denormals
cpu1 at cpus0
cpu2 at cpus0
cpu3 at cpus0
gic0 at fdt1: GIC
armgic0 at gic0: Generic Interrupt Controller, 160 sources (150 valid)
armgic0: 16 Priorities, 128 SPIs, 7 PPIs, 15 SGIs
fclock0 at fdt2: 24000000 Hz fixed clock
fclock1 at fdt2: 32768 Hz fixed clock
fclock2 at fdt2: 16000000 Hz fixed clock
gtmr0 at fdt0: Generic Timer
armgtmr0 at gtmr0: ARMv7 Generic 64-bit Timer (24000 kHz)
armgtmr0: interrupting on irq 27
timecounter: Timecounter "armgtmr0" frequency 24000000 Hz quality 500
sunxigpio0 at fdt1: PIO
gpio0 at sunxigpio0: 94 pins
sunxigpio0: interrupting on GIC irq 43
sunxigpio1 at fdt1: PIO
gpio1 at sunxigpio1: 12 pins
sunxigpio1: interrupting on GIC irq 77
sun8ih3ccu0 at fdt1: H3 CCU
fregulator0 at fdt0: vcc3v3
fregulator1 at fdt0: vcc3v0
fregulator2 at fdt0: vcc5v0
sunxiusbphy0 at fdt1: USB PHY
sun6idma0 at fdt1: DMA controller (12 channels)
sun6idma0: interrupting on GIC irq 82
h3codec0 at fdt1: H3 Audio Codec (analog part)
/soc/clock@1f01400 at fdt1 not configured
sunxiemac0 at fdt1: EMAC
sunxiemac0: interrupting on GIC irq 114
ukphy0 at sunxiemac0 phy 0: OUI 0x0088a0, model 0x0000, rev. 0
ukphy0: 10baseT, 10baseT-FDX, 100baseTX, 100baseTX-FDX, auto
ukphy1 at sunxiemac0 phy 1: OUI 0x0088a0, model 0x0000, rev. 0
ukphy1: 10baseT, 10baseT-FDX, 100baseTX, 100baseTX-FDX, auto
psci0 at fdt0: PSCI 0.1
gpioleds0 at fdt0: nanopi:blue:status nanopi:green:pwr
gpiokeys0 at fdt0: k1
sunximmc0 at fdt1: SD/MMC controller
sunximmc0: interrupting on GIC irq 92
ehci0 at fdt1: EHCI
ehci0: interrupting on GIC irq 110
ehci0: EHCI version 1.0
ehci0: 1 companion controller, 1 port
usb0 at ehci0: USB revision 2.0
ohci0 at fdt1: OHCI
ohci0: interrupting on GIC irq 111
ohci0: OHCI version 1.0
usb1 at ohci0: USB revision 1.0
sunxitimer0 at fdt1: Timer
sunxiwdt0 at fdt1: Watchdog
sunxiwdt0: default watchdog period is 16 seconds
com0 at fdt1: ns16550a, working fifo
com0: console
com0: interrupting on GIC irq 32
sunxirtc0 at fdt1: RTC
timecounter: Timecounter "clockinterrupt" frequency 100 Hz quality 0
cpu3: Cortex-A7 r0p5 (Cortex V7A core)
cpu3: DC enabled IC enabled WB disabled EABT branch prediction enabled
cpu3: 32KB/32B 2-way L1 VIPT Instruction cache
cpu3: 32KB/64B 4-way write-back-locking-C L1 PIPT Data cache
cpu3: 512KB/64B 8-way write-through L2 PIPT Unified cache
vfp3 at cpu3: NEON MPE (VFP 3.0+), rounding, NaN propagation, denormals
cpu1: Cortex-A7 r0p5 (Cortex V7A core)
cpu1: DC enabled IC enabled WB disabled EABT branch prediction enabled
cpu1: 32KB/32B 2-way L1 VIPT Instruction cache
cpu1: 32KB/64B 4-way write-back-locking-C L1 PIPT Data cache
cpu1: 512KB/64B 8-way write-through L2 PIPT Unified cache
vfp1 at cpu1: NEON MPE (VFP 3.0+), rounding, NaN propagation, denormals
cpu2: Cortex-A7 r0p5 (Cortex V7A core)
cpu2: DC enabled IC enabled WB disabled EABT branch prediction enabled
cpu2: 32KB/32B 2-way L1 VIPT Instruction cache
cpu2: 32KB/64B 4-way write-back-locking-C L1 PIPT Data cache
cpu2: 512KB/64B 8-way write-through L2 PIPT Unified cache
vfp2 at cpu2: NEON MPE (VFP 3.0+), rounding, NaN propagation, denormals
sdmmc0 at sunximmc0
uhub0 at usb0: Generic (0000) EHCI root hub (0000), class 9/0, rev 2.00/1.00, addr 1
uhub0: 1 port with 1 removable, self powered
sdmmc0: SD card status: 4-bit, C10, U1
ld0 at sdmmc0: <0x74:0x4a60:USDU1:0x20:0x02504cf9:0x106>
ld0: 30735 MB, 7805 cyl, 128 head, 63 sec, 512 bytes/sect x 62945280 sectors
uhub1 at usb1: Generic (0000) OHCI root hub (0000), class 9/0, rev 1.00/1.00, addr 1
uhub1: 1 port with 1 removable, self powered
ld0: 4-bit width, High-Speed/SDR25, 50.000 MHz
IPsec: Initialized Security Association Processing.
boot device: ld0
root on ld0a dumps on ld0b
root file system type: ffs
kern.module.path=/stand/evbarm/8.99.2/modules
WARNING: clock lost 6453 days
WARNING: using filesystem time
WARNING: CHECK AND RESET THE DATE!
