Copyright (c) 1996, 1997, 1998, 1999, 2000, 2001, 2002, 2003, 2004, 2005,
    2006, 2007, 2008, 2009, 2010, 2011, 2012, 2013, 2014, 2015, 2016, 2017
    The NetBSD Foundation, Inc.  All rights reserved.
Copyright (c) 1982, 1986, 1989, 1991, 1993
    The Regents of the University of California.  All rights reserved.

NetBSD 8.99.9 (SUNXI) #0: Fri Dec 15 07:29:11 UTC 2017
	mkrepro@mkrepro.NetBSD.org:/usr/src/sys/arch/evbarm/compile/SUNXI
total memory = 480 MB
avail memory = 467 MB
timecounter: Timecounters tick every 10.000 msec
armfdt0 (root)
fdt0 at armfdt0: Xunlong Orange Pi One
fdt1 at fdt0
fdt2 at fdt0
fdt3 at fdt0
cpus0 at fdt0
cpu0 at cpus0: Cortex-A7 r0p5 (Cortex V7A core)
cpu0: DC enabled IC enabled WB disabled EABT branch prediction enabled
cpu0: 32KB/32B 2-way L1 VIPT Instruction cache
cpu0: 32KB/64B 4-way write-back-locking-C L1 PIPT Data cache
cpu0: 512KB/64B 8-way write-through L2 PIPT Unified cache
vfp0 at cpu0: NEON MPE (VFP 3.0+), rounding, NaN propagation, denormals
cpu1 at cpus0
cpu2 at cpus0
cpu3 at cpus0
gic0 at fdt1: GIC
armgic0 at gic0: Generic Interrupt Controller, 160 sources (150 valid)
armgic0: 16 Priorities, 128 SPIs, 7 PPIs, 15 SGIs
fclock0 at fdt2: 24000000 Hz fixed clock
fclock1 at fdt2: 32768 Hz fixed clock
fclock2 at fdt2: 16000000 Hz fixed clock
gtmr0 at fdt0: Generic Timer
gtmr0: interrupting on GIC irq 27
armgtmr0 at gtmr0: ARMv7 Generic 64-bit Timer (24000 kHz)
timecounter: Timecounter "armgtmr0" frequency 24000000 Hz quality 500
sun8ih3ccu0 at fdt1: H3 CCU
sun8ih3rccu0 at fdt1: H3 PRCM CCU
sunxigpio0 at fdt1: PIO
gpio0 at sunxigpio0: 94 pins
sunxigpio0: interrupting on GIC irq 43
sunxigpio1 at fdt1: PIO
gpio1 at sunxigpio1: 12 pins
sunxigpio1: interrupting on GIC irq 77
fregulator0 at fdt0: vcc3v3
fregulator1 at fdt0: usb0-vbus
fregulator2 at fdt0: vcc3v0
fregulator3 at fdt0: vcc5v0
sunxisid0 at fdt1: Security ID EFUSE
sunxiusbphy0 at fdt1: USB PHY
/soc/syscon@1c00000 at fdt1 not configured
sunxiemac0 at fdt1: EMAC
sunxiemac0: interrupting on GIC irq 114
ukphy0 at sunxiemac0 phy 1: OUI 0x0088a0, model 0x0000, rev. 0
ukphy0: 10baseT, 10baseT-FDX, 100baseTX, 100baseTX-FDX, auto
sun6idma0 at fdt1: DMA controller (12 channels)
sun6idma0: interrupting on GIC irq 82
h3codec0 at fdt1: H3 Audio Codec (analog part)
psci0 at fdt0: PSCI 0.1
gpioleds0 at fdt0: orangepi:green:pwr orangepi:red:status
gpiokeys0 at fdt0: sw4
sunximmc0 at fdt1: SD/MMC controller
sunximmc0: interrupting on GIC irq 92
motg0 at fdt1: 'otg' mode not supported
ehci0 at fdt1: EHCI
ehci0: interrupting on GIC irq 104
ehci0: EHCI version 1.0
ehci0: 1 companion controller, 1 port
usb0 at ehci0: USB revision 2.0
ohci0 at fdt1: OHCI
ohci0: interrupting on GIC irq 105
ohci0: OHCI version 1.0
usb1 at ohci0: USB revision 1.0
ehci1 at fdt1: EHCI
ehci1: interrupting on GIC irq 106
ehci1: EHCI version 1.0
ehci1: 1 companion controller, 1 port
usb2 at ehci1: USB revision 2.0
ohci1 at fdt1: OHCI
ohci1: interrupting on GIC irq 107
ohci1: OHCI version 1.0
usb3 at ohci1: USB revision 1.0
sunxitimer0 at fdt1: Timer
sunxiwdt0 at fdt1: Watchdog
sunxiwdt0: default watchdog period is 16 seconds
com0 at fdt1: ns16550a, working fifo
com0: interrupting on GIC irq 32
sunxirtc0 at fdt1: RTC
sunxithermal0 at fdt1: Thermal sensor controller
sunxithermal0: interrupting on GIC irq 63
sunxithermal0: cpu: alarm 90C hyst 15C shut 105C
genfb0 at fdt3: Simple Framebuffer (1920x1080 32-bpp @ 0x5e000000)
genfb0: switching to framebuffer console
genfb0: framebuffer at 0x5e000000, size 1920x1080, depth 32, stride 7680
wsdisplay0 at genfb0 kbdmux 1: console (default, vt100 emulation)
wsmux1: connecting to wsdisplay0
wsdisplay0: screen 1-3 added (default, vt100 emulation)
timecounter: Timecounter "clockinterrupt" frequency 100 Hz quality 0
cpu3: Cortex-A7 r0p5 (Cortex V7A core)
cpu3: DC enabled IC enabled WB disabled EABT branch prediction enabled
cpu3: 32KB/32B 2-way L1 VIPT Instruction cache
cpu3: 32KB/64B 4-way write-back-locking-C L1 PIPT Data cache
cpu3: 512KB/64B 8-way write-through L2 PIPT Unified cache
vfp3 at cpu3: NEON MPE (VFP 3.0+), rounding, NaN propagation, denormals
cpu1: Cortex-A7 r0p5 (Cortex V7A core)
cpu1: DC enabled IC enabled WB disabled EABT branch prediction enabled
cpu1: 32KB/32B 2-way L1 VIPT Instruction cache
cpu1: 32KB/64B 4-way write-back-locking-C L1 PIPT Data cache
cpu1: 512KB/64B 8-way write-through L2 PIPT Unified cache
vfp1 at cpu1: NEON MPE (VFP 3.0+), rounding, NaN propagation, denormals
cpu2: Cortex-A7 r0p5 (Cortex V7A core)
cpu2: DC enabled IC enabled WB disabled EABT branch prediction enabled
cpu2: 32KB/32B 2-way L1 VIPT Instruction cache
cpu2: 32KB/64B 4-way write-back-locking-C L1 PIPT Data cache
cpu2: 512KB/64B 8-way write-through L2 PIPT Unified cache
vfp2 at cpu2: NEON MPE (VFP 3.0+), rounding, NaN propagation, denormals
sdmmc0 at sunximmc0
uhub0 at usb0: Generic (0000) EHCI root hub (0000), class 9/0, rev 2.00/1.00, addr 1
uhub0: 1 port with 1 removable, self powered
uhub1 at usb3: Generic (0000) OHCI root hub (0000), class 9/0, rev 1.00/1.00, addr 1
uhub1: 1 port with 1 removable, self powered
uhub2 at usb2: Generic (0000) EHCI root hub (0000), class 9/0, rev 2.00/1.00, addr 1
uhub2: 1 port with 1 removable, self powered
sdmmc0: SD card status: 4-bit, C10
ld0 at sdmmc0: <0x74:0x4a60:USD  :0x02:0x56a92194:0x0f2>
ld0: 7695 MB, 3908 cyl, 64 head, 63 sec, 512 bytes/sect x 15759360 sectors
uhub3 at usb1: Generic (0000) OHCI root hub (0000), class 9/0, rev 1.00/1.00, addr 1
uhub3: 1 port with 1 removable, self powered
ld0: 4-bit width, High-Speed/SDR25, 50.000 MHz
IPsec: Initialized Security Association Processing.
ehci1: handing over low speed device on port 1 to companion controller
boot device: ld0
root on ld0a dumps on ld0b
root file system type: ffs
kern.module.path=/stand/evbarm/8.99.9/modules
uhidev0 at uhub1 port 1 configuration 1 interface 0
uhidev0: FCL (0x430) RF Receiver (0x252), rev 1.10/1.00, addr 2, iclass 3/1
ukbd0 at uhidev0: 8 Variable keys, 6 Array codes
wskbd0 at ukbd0: console keyboard, using wsdisplay0
uhidev1 at uhub1 port 1 configuration 1 interface 1
uhidev1: FCL (0x430) RF Receiver (0x252), rev 1.10/1.00, addr 2, iclass 3/1
uhidev1: 6 report ids
ums0 at uhidev1 reportid 5: 3 buttons and Z dir
wsmouse0 at ums0 mux 0
uhid0 at uhidev1 reportid 6: input=0, output=0, feature=6
wsdisplay0: screen 4 added (default, vt100 emulation)
