Copyright (c) 1996, 1997, 1998, 1999, 2000, 2001, 2002, 2003, 2004, 2005,
    2006, 2007, 2008, 2009, 2010, 2011, 2012, 2013, 2014, 2015, 2016, 2017,
    2018, 2019, 2020 The NetBSD Foundation, Inc.  All rights reserved.
Copyright (c) 1982, 1986, 1989, 1991, 1993
    The Regents of the University of California.  All rights reserved.

NetBSD 9.99.72 (GENERIC) #0: Tue Sep  1 21:11:31 UTC 2020
	mkrepro@mkrepro.NetBSD.org:/usr/src/sys/arch/evbarm/compile/GENERIC
total memory = 448 MB
avail memory = 423 MB
pool redzone disabled for 'buf64k'
entropy: no seed from bootloader
timecounter: Timecounters tick every 10.000 msec
Kernelized RAIDframe activated
armfdt0 (root)
simplebus0 at armfdt0: Raspberry Pi 3 Model A Plus Rev 1.0
simplebus1 at simplebus0
simplebus2 at simplebus0
cpus0 at simplebus0
simplebus3 at simplebus0
cpu0 at cpus0: 600 MHz Cortex-A53 r0p4 (Cortex V8A core)
cpu0: DC enabled IC enabled WB enabled EABT branch prediction enabled
cpu0: 32KB/64B 2-way L1 VIPT Instruction cache
cpu0: 32KB/64B 4-way write-back-locking-C L1 PIPT Data cache
cpu0: 512KB/64B 16-way write-through L2 PIPT Unified cache
vfp0 at cpu0: NEON MPE (VFP 3.0+), rounding, NaN propagation, denormals
cpu1 at cpus0
cpu2 at cpus0
cpu3 at cpus0
simplebus4 at simplebus1
bcmicu0 at simplebus1
fclock0 at simplebus2: 19200000 Hz fixed clock (osc)
bcmcprman0 at simplebus1: BCM283x Clock Controller
bcmaux0 at simplebus1
fclock1 at simplebus2: 480000000 Hz fixed clock (otg)
bcmicu1 at simplebus1: Multiprocessor
gtmr0 at simplebus0: Generic Timer
gtmr0: interrupting on local_intc irq 3
armgtmr0 at gtmr0: Generic Timer (19200 kHz, virtual)
timecounter: Timecounter "armgtmr0" frequency 19200000 Hz quality 500
plcom0 at simplebus1: ARM PL011 UART
plcom0: txfifo disabled
plcom0: interrupting on icu irq 57
com0 at simplebus1: BCM AUX UART, working fifo
com0: console
com0: interrupting on icu irq 29
usbnopphy0 at simplebus0: USB PHY
/soc/thermal@7e212000 at simplebus1 not configured
/soc/dsi@7e209000 at simplebus1 not configured
bcmgpio0 at simplebus1: GPIO controller 2835
bcmgpio0: pins 0..31 interrupting on icu irq 49
bcmgpio0: pins 32..54 interrupting on icu irq 50
gpio0 at bcmgpio0: 54 pins
bcmdmac0 at simplebus1: DMA0 DMA2 DMA4 DMA5 DMA8 DMA9 DMA10
/soc/power at simplebus1 not configured
bsciic0 at simplebus1: Broadcom Serial Controller
bsciic0: interrupting on icu irq 53
iic0 at bsciic0: I2C bus
bcmpmwdog0 at simplebus1: Power management, Reset and Watchdog controller
bcmmbox0 at simplebus1: VC mailbox
bcmmbox0: interrupting on icu irq 65
vcmbox0 at bcmmbox0
/soc/firmware/gpio at simplebus4 not configured
/soc/timer@7e003000 at simplebus1 not configured
/soc/txp@7e004000 at simplebus1 not configured
bcmsdhost0 at simplebus1: SD HOST controller
bcmsdhost0: interrupting on icu irq 56
bsciic1 at simplebus1: Broadcom Serial Controller
bsciic1: interrupting on icu irq 53
iic1 at bsciic1: I2C bus
/soc/pwm@7e20c000 at simplebus1 not configured
sdhc0 at simplebus1: SDHC controller
sdhc0: interrupting on icu irq 62
bsciic2 at simplebus1: Broadcom Serial Controller
bsciic2: interrupting on icu irq 53
iic2 at bsciic2: I2C bus
/soc/vec@7e806000 at simplebus1 not configured
dwctwo0 at simplebus1: USB controller
dwctwo0: interrupting on icu irq 9
/soc/hdmi@7e902000 at simplebus1 not configured
/soc/gpu at simplebus1 not configured
genfb0 at simplebus1: switching to framebuffer console
genfb0: framebuffer at 0xddc5a000, size 1920x1280, depth 32, stride 10240
wsdisplay0 at genfb0 kbdmux 1: console (default, vt100 emulation)
wsmux1: connecting to wsdisplay0
wsdisplay0: screen 1-3 added (default, vt100 emulation)
vchiq0 at simplebus1: BCM2835 VCHIQ
armpmu0 at simplebus0: Performance Monitor Unit
gpioleds0 at simplebus0: ACT
bcmrng0 at simplebus1: RNG
entropy: ready
timecounter: Timecounter "clockinterrupt" frequency 100 Hz quality 0
cpu3: 600 MHz Cortex-A53 r0p4 (Cortex V8A core)
cpu3: DC enabled IC enabled WB enabled EABT branch prediction enabled
cpu3: 32KB/64B 2-way L1 VIPT Instruction cache
cpu3: 32KB/64B 4-way write-back-locking-C L1 PIPT Data cache
cpu3: 512KB/64B 16-way write-through L2 PIPT Unified cache
vfp3 at cpu3: NEON MPE (VFP 3.0+), rounding, NaN propagation, denormals
cpu1: 600 MHz Cortex-A53 r0p4 (Cortex V8A core)
cpu1: DC enabled IC enabled WB enabled EABT branch prediction enabled
cpu1: 32KB/64B 2-way L1 VIPT Instruction cache
cpu1: 32KB/64B 4-way write-back-locking-C L1 PIPT Data cache
cpu1: 512KB/64B 16-way write-through L2 PIPT Unified cache
vfp1 at cpu1: NEON MPE (VFP 3.0+), rounding, NaN propagation, denormals
cpu2: 600 MHz Cortex-A53 r0p4 (Cortex V8A core)
cpu2: DC enabled IC enabled WB enabled EABT branch prediction enabled
cpu2: 32KB/64B 2-way L1 VIPT Instruction cache
cpu2: 32KB/64B 4-way write-back-locking-C L1 PIPT Data cache
cpu2: 512KB/64B 16-way write-through L2 PIPT Unified cache
vfp2 at cpu2: NEON MPE (VFP 3.0+), rounding, NaN propagation, denormals
sdmmc0 at bcmsdhost0
sdhc0: SDHC 3.0, rev 153, platform DMA, 200000 kHz, HS 3.3V, re-tuning mode 1, 1024 byte blocks
sdmmc1 at sdhc0 slot 0
dwctwo0: Core Release: 2.80a (snpsid=4f54280a)
usb0 at dwctwo0: USB revision 2.0
armpmu0: interrupting on local_intc irq 9
uhub0 at usb0: NetBSD (0x0000) DWC2 root hub (0x0000), class 9/0, rev 2.00/1.00, addr 1
uhub0: 1 port with 1 removable, self powered
sdmmc0: direct I/O error 5, r=6 p=0xa5f8cf14 write
sdmmc0: SD card status: 4-bit, C10IPsec: Initialized Security Association Processing.
, U1, V10
ld0 at sdmmc0: <0x74:0x4a60:USDU1:0x20:0x4010773e:0x125>
ld0: 61023 MB, 7779 cyl, 255 head, 63 sec, 512 bytes/sect x 124975104 sectors
aes: ARM NEON vpaes
chacha: ARM NEON ChaCha
adiantum: self-test passed
aes_ccm: self-test passed
blake2s: self-test passed
ld0: 4-bit width, High-Speed/SDR25, 50.000 MHz
sdmmc1: 4-bit width, 50.000 MHz
sdmmc1: SDIO function
bwfm0 at sdmmc1 function 1
(manufacturer 0x2d0, product 0xa9a6) at sdmmc1 function 2 not configured
(manufacturer 0x2d0, product 0xa9a6, standard function interface code 0x2) at sdmmc1 function 3 not configured
uhidev0 at uhub0 port 1 configuration 1 interface 0
uhidev0: vendor 056e (0x056e) TK-FCP027 Series (0x1014), rev 1.10/1.03, addr 2, iclass 3/1
ukbd0 at uhidev0: 8 Variable keys, 6 Array codes
wskbd0 at ukbd0: console keyboard, using wsdisplay0
uhidev1 at uhub0 port 1 configuration 1 interface 1
uhidev1: vendor 056e (0x056e) TK-FCP027 Series (0x1014), rev 1.10/1.03, addr 2, iclass 3/0
uhidev1: 2 report ids
uhid0 at uhidev1 reportid 1: input=1, output=0, feature=0
uhid1 at uhidev1 reportid 2: input=3, output=0, feature=0
uhub0: autoconfiguration error: illegal enable change, port 1
cgd: self-test aes-xts-256
cgd: self-test aes-xts-512
cgd: self-test aes-cbc-128
cgd: self-test aes-cbc-256
cgd: self-test 3des-cbc-192
cgd: self-test blowfish-cbc-448
cgd: self-test aes-cbc-128 (encblkno8)
cgd: self-tests passed
WARNING: 1 error while detecting hardware; check system log.
boot device: ld0
root on ld0a dumps on ld0b
root file system type: ffs
kern.module.path=/stand/evbarm/9.99.72/modules
WARNING: no TOD clock present
vchiq0: interrupting on icu irq 66
WARNING: using filesystem time
vchiq: vchiq_init_state: slot_zero = 0xa63e0000, is_master = 0
WARNING: CHECK AND RESET THE DATE!
vchiq: local ver 8 (min 3), remote ver 8.
vcaudio0 at vchiq0: auds
bwfm0: Firmware file default:    brcmfmac43455-sdio.bin
bwfm0: Firmware file model-spec: brcmfmac43455-sdio.raspberrypi,3-model-a-plus.bin
audio0 at vcaudio0: playback, capture, half duplex, independent
audio0: slinear_le:16 -> slinear_le:16 2ch 48000Hz, blk 7680 bytes (40ms) for playback
audio0: slinear_le:16 2ch 48000Hz, blk 7680 bytes (40ms) for recording
spkr0 at audio0: PC Speaker (synthesized)
wsbell at spkr0 not configured
bwfm0: Found Firmware file: brcmfmac43455-sdio.bin
bwfm0: NVRAM file default:    brcmfmac43455-sdio.txt
bwfm0: NVRAM file model-spec: brcmfmac43455-sdio.raspberrypi,3-model-a-plus.txt
bwfm0: Found NVRAM file: brcmfmac43455-sdio.txt
bwfm0: CHIPACTIVE
bwfm0: wl0: Mar  1 2015 07:29:38 version 7.45.18 (r538002) FWID 01-6a2c8ad4
bwfm0: address b8:27:eb:c3:ec:9b
wsdisplay0: screen 4 added (default, vt100 emulation)
