Copyright (c) 1996, 1997, 1998, 1999, 2000, 2001, 2002, 2003, 2004, 2005,
    2006, 2007, 2008, 2009, 2010, 2011, 2012, 2013, 2014, 2015, 2016, 2017,
    2018, 2019, 2020, 2021, 2022
    The NetBSD Foundation, Inc.  All rights reserved.
Copyright (c) 1982, 1986, 1989, 1991, 1993
    The Regents of the University of California.  All rights reserved.

NetBSD 9.2_STABLE (GENERIC) #0: Tue Feb  8 14:45:57 UTC 2022
	mkrepro@mkrepro.NetBSD.org:/usr/src/sys/arch/evbarm/compile/GENERIC
total memory = 448 MB
avail memory = 433 MB
timecounter: Timecounters tick every 10.000 msec
running cgd selftest aes-xts-256 aes-xts-512 done
armfdt0 (root)
simplebus0 at armfdt0: Raspberry Pi Zero 2 W Rev 1.0
simplebus1 at simplebus0
simplebus2 at simplebus0
cpus0 at simplebus0
simplebus3 at simplebus0
cpu0 at cpus0: 600 MHz Cortex-A53 r0p4 (Cortex V8A core)
cpu0: DC enabled IC enabled WB enabled EABT branch prediction enabled
cpu0: 32KB/64B 2-way L1 VIPT Instruction cache
cpu0: 32KB/64B 4-way write-back-locking-C L1 PIPT Data cache
cpu0: 512KB/64B 16-way write-through L2 PIPT Unified cache
vfp0 at cpu0: NEON MPE (VFP 3.0+), rounding, NaN propagation, denormals
cpu1 at cpus0
cpu2 at cpus0
cpu3 at cpus0
simplebus4 at simplebus1
bcmicu0 at simplebus1
bcmicu1 at simplebus1: Multiprocessor
bcmcprman0 at simplebus1: BCM283x Clock Controller
fclock0 at simplebus2: 19200000 Hz fixed clock (osc)
bcmaux0 at simplebus1
fclock1 at simplebus2: 480000000 Hz fixed clock (otg)
gtmr0 at simplebus0: Generic Timer
gtmr0: interrupting on local_intc irq 3
armgtmr0 at gtmr0: Generic Timer (19200 kHz, virtual)
timecounter: Timecounter "armgtmr0" frequency 19200000 Hz quality 500
plcom0 at simplebus1: ARM PL011 UART
plcom0: txfifo disabled
plcom0: interrupting on icu irq 185
com0 at simplebus1: BCM AUX UART, working fifo
com0: console
com0: interrupting on icu irq 157
usbnopphy0 at simplebus0: USB PHY
/soc/thermal@7e212000 at simplebus1 not configured
/soc/dsi@7e209000 at simplebus1 not configured
bcmgpio0 at simplebus1: GPIO controller
bcmgpio0: pins 0..31 interrupting on icu irq 177
bcmgpio0: pins 32..54 interrupting on icu irq 178
gpio0 at bcmgpio0: 54 pins
/soc/firmware/gpio at simplebus4 not configured
bcmdmac0 at simplebus1: DMA0 DMA2 DMA4 DMA5 DMA6 DMA7 DMA8 DMA9 DMA10
/soc/power at simplebus1 not configured
mmcpwrseq0 at simplebus0autoconfiguration error: : couldn't get reset GPIOs
bsciic0 at simplebus1: Broadcom Serial Controller
iic0 at bsciic0: I2C bus
bcmpmwdog0 at simplebus1: Power management, Reset and Watchdog controller
bcmmbox0 at simplebus1: VC mailbox
bcmmbox0: interrupting on icu irq 193
vcmbox0 at bcmmbox0
bcmsdhost0 at simplebus1: SD HOST controller
bcmsdhost0: interrupting on icu irq 184
bsciic1 at simplebus1: Broadcom Serial Controller
iic1 at bsciic1: I2C bus
/soc/pwm@7e20c000 at simplebus1 not configured
sdhc0 at simplebus1: SDHC controller
sdhc0: interrupting on icu irq 190
bsciic2 at simplebus1: Broadcom Serial Controller
iic2 at bsciic2: I2C bus
/soc/vec@7e806000 at simplebus1 not configured
/soc/hdmi@7e902000 at simplebus1 not configured
dwctwo0 at simplebus1: USB controller
dwctwo0: interrupting on icu irq 137
/soc/gpu at simplebus1 not configured
genfb0 at simplebus1: switching to framebuffer console
genfb0: framebuffer at 0xddc5a000, size 1920x1280, depth 32, stride 10240
wsdisplay0 at genfb0 kbdmux 1: console (default, vt100 emulation)
wsmux1: connecting to wsdisplay0
wsdisplay0: screen 1-3 added (default, vt100 emulation)
vchiq0 at simplebus1: BCM2835 VCHIQ
armpmu0 at simplebus0: Performance Monitor Unit
gpioleds0 at simplebus0: ACT
/soc/timer@7e003000 at simplebus1 not configured
/soc/txp@7e004000 at simplebus1 not configured
bcmrng0 at simplebus1: RNG
timecounter: Timecounter "clockinterrupt" frequency 100 Hz quality 0
cpu1: 600 MHz Cortex-A53 r0p4 (Cortex V8A core)
cpu1: DC enabled IC enabled WB enabled EABT branch prediction enabled
cpu1: 32KB/64B 2-way L1 VIPT Instruction cache
cpu1: 32KB/64B 4-way write-back-locking-C L1 PIPT Data cache
cpu1: 512KB/64B 16-way write-through L2 PIPT Unified cache
vfp1 at cpu1: NEON MPE (VFP 3.0+), rounding, NaN propagation, denormals
cpu2: 600 MHz Cortex-A53 r0p4 (Cortex V8A core)
cpu2: DC enabled IC enabled WB enabled EABT branch prediction enabled
cpu2: 32KB/64B 2-way L1 VIPT Instruction cache
cpu2: 32KB/64B 4-way write-back-locking-C L1 PIPT Data cache
cpu2: 512KB/64B 16-way write-through L2 PIPT Unified cache
vfp2 at cpu2: NEON MPE (VFP 3.0+), rounding, NaN propagation, denormals
cpu3: 600 MHz Cortex-A53 r0p4 (Cortex V8A core)
cpu3: DC enabled IC enabled WB enabled EABT branch prediction enabled
cpu3: 32KB/64B 2-way L1 VIPT Instruction cache
cpu3: 32KB/64B 4-way write-back-locking-C L1 PIPT Data cache
cpu3: 512KB/64B 16-way write-through L2 PIPT Unified cache
vfp3 at cpu3: NEON MPE (VFP 3.0+), rounding, NaN propagation, denormals
sdmmc0 at bcmsdhost0
sdhc0: SDHC 3.0, rev 153, platform DMA, 200000 kHz, HS 3.3V, re-tuning mode 1, 1024 byte blocks
sdmmc1 at sdhc0 slot 0
dwctwo0: Core Release: 2.80a (snpsid=4f54280a)
usb0 at dwctwo0: USB revision 2.0
uhub0 at usb0: NetBSD (0000) DWC2 root hub (0000), class 9/0, rev 2.00/1.00, addr 1
uhub0: 1 port with 1 removable, self powered
armpmu0: interrupting on local_intc irq 9
IPsec: Initialized Security Association Processing.
sdmmc0: direct I/O error 5, r=6 p=0xa58b1f2c write
sdmmc0: SD card status: 4-bit, C10, U1, V10, A1
ld0 at sdmmc0: <0x02:0x544d:SA16G:0x69:0x48dcd019:0x153>
ld0: 14784 MB, 7509 cyl, 64 head, 63 sec, 512 bytes/sect x 30277632 sectors
ld0: 4-bit width, High-Speed/SDR25, 50.000 MHz
sdmmc1: sdmmc_mem_enable failed with error 60
sdmmc1: autoconfiguration error: couldn't enable card: 60
uhidev0 at uhub0 port 1 configuration 1 interface 0
uhidev0: vendor 056e (0x56e) TK-FCP027 Series (0x1014), rev 1.10/1.03, addr 2, iclass 3/1
ukbd0 at uhidev0
wskbd0 at ukbd0: console keyboard, using wsdisplay0
uhidev1 at uhub0 port 1 configuration 1 interface 1
uhidev1: vendor 056e (0x56e) TK-FCP027 Series (0x1014), rev 1.10/1.03, addr 2, iclass 3/0
uhidev1: 2 report ids
uhid0 at uhidev1 reportid 1: input=1, output=0, feature=0
uhid1 at uhidev1 reportid 2: input=3, output=0, feature=0
uhub0: autoconfiguration error: illegal enable change, port 1
WARNING: 3 errors while detecting hardware; check system log.
boot device: ld0
root on ld0a dumps on ld0b
root file system type: ffs
kern.module.path=/stand/evbarm/9.2/modules
WARNING: no TOD clock present
WARNING: using filesystem time
WARNING: CHECK AND RESET THE DATE!
vchiq0: interrupting on icu irq 194
vchiq: vchiq_init_state: slot_zero = 0xa5d10000, is_master = 0
vchiq: local ver 8 (min 3), remote ver 8.
vcaudio0 at vchiq0: auds
audio0 at vcaudio0: playback
audio0: slinear_le:16 -> slinear_le:16 2ch 48000Hz, blk 7680 bytes (40ms) for playback
spkr0 at audio0: PC Speaker (synthesized)
wsbell at spkr0 not configured
wsdisplay0: screen 4 added (default, vt100 emulation)
